Archive member included to satisfy reference by file (symbol)

app/libapp.a(main.c.obj)      (--whole-archive)
app/libapp.a(motion.c.obj)    (--whole-archive)
app/libapp.a(ui.c.obj)        (--whole-archive)
app/libapp.a(cloud_codec.c.obj)
                              (--whole-archive)
app/libapp.a(service_info.c.obj)
                              (--whole-archive)
app/libapp.a(gps_controller.c.obj)
                              (--whole-archive)
app/libapp.a(env_sensors.c.obj)
                              (--whole-archive)
zephyr/libzephyr.a(crc32_sw.c.obj)
                              (--whole-archive)
zephyr/libzephyr.a(crc16_sw.c.obj)
                              (--whole-archive)
zephyr/libzephyr.a(crc8_sw.c.obj)
                              (--whole-archive)
zephyr/libzephyr.a(crc7_sw.c.obj)
                              (--whole-archive)
zephyr/libzephyr.a(dec.c.obj)
                              (--whole-archive)
zephyr/libzephyr.a(fdtable.c.obj)
                              (--whole-archive)
zephyr/libzephyr.a(hex.c.obj)
                              (--whole-archive)
zephyr/libzephyr.a(mempool.c.obj)
                              (--whole-archive)
zephyr/libzephyr.a(printk.c.obj)
                              (--whole-archive)
zephyr/libzephyr.a(onoff.c.obj)
                              (--whole-archive)
zephyr/libzephyr.a(rb.c.obj)  (--whole-archive)
zephyr/libzephyr.a(sem.c.obj)
                              (--whole-archive)
zephyr/libzephyr.a(thread_entry.c.obj)
                              (--whole-archive)
zephyr/libzephyr.a(timeutil.c.obj)
                              (--whole-archive)
zephyr/libzephyr.a(work_q.c.obj)
                              (--whole-archive)
zephyr/libzephyr.a(assert.c.obj)
                              (--whole-archive)
zephyr/libzephyr.a(configs.c.obj)
                              (--whole-archive)
zephyr/libzephyr.a(soc.c.obj)
                              (--whole-archive)
zephyr/libzephyr.a(power.c.obj)
                              (--whole-archive)
zephyr/libzephyr.a(validate_base_addresses.c.obj)
                              (--whole-archive)
zephyr/libzephyr.a(log_list.c.obj)
                              (--whole-archive)
zephyr/libzephyr.a(log_core.c.obj)
                              (--whole-archive)
zephyr/libzephyr.a(log_msg.c.obj)
                              (--whole-archive)
zephyr/libzephyr.a(log_output.c.obj)
                              (--whole-archive)
zephyr/libzephyr.a(log_backend_uart.c.obj)
                              (--whole-archive)
zephyr/libzephyr.a(tty.c.obj)
                              (--whole-archive)
zephyr/libzephyr.a(getchar.c.obj)
                              (--whole-archive)
zephyr/libzephyr.a(mcuboot.c.obj)
                              (--whole-archive)
zephyr/libzephyr.a(flash_img.c.obj)
                              (--whole-archive)
zephyr/libzephyr.a(addr_utils.c.obj)
                              (--whole-archive)
zephyr/libzephyr.a(socket_offload.c.obj)
                              (--whole-archive)
zephyr/libzephyr.a(flash_map.c.obj)
                              (--whole-archive)
zephyr/libzephyr.a(flash_map_default.c.obj)
                              (--whole-archive)
zephyr/libzephyr.a(power.c.obj)
                              (--whole-archive)
zephyr/libzephyr.a(reboot.c.obj)
                              (--whole-archive)
zephyr/libzephyr.a(policy_residency.c.obj)
                              (--whole-archive)
zephyr/libzephyr.a(uart_console.c.obj)
                              (--whole-archive)
zephyr/libzephyr.a(nrf_power_clock.c.obj)
                              (--whole-archive)
zephyr/libzephyr.a(sys_clock_init.c.obj)
                              (--whole-archive)
zephyr/libzephyr.a(nrf_rtc_timer.c.obj)
                              (--whole-archive)
zephyr/libzephyr.a(secure_services_ns.c.obj)
                              (--whole-archive)
zephyr/arch/common/libarch__common.a(isr_tables.c.obj)
                              (--whole-archive)
zephyr/arch/common/libarch__common.a(sw_isr_common.c.obj)
                              (--whole-archive)
zephyr/arch/arch/arm/core/aarch32/libarch__arm__core__aarch32.a(exc_exit.S.obj)
                              (--whole-archive)
zephyr/arch/arch/arm/core/aarch32/libarch__arm__core__aarch32.a(swap_helper.S.obj)
                              (--whole-archive)
zephyr/arch/arch/arm/core/aarch32/libarch__arm__core__aarch32.a(cpu_idle.S.obj)
                              (--whole-archive)
zephyr/arch/arch/arm/core/aarch32/libarch__arm__core__aarch32.a(fault_s.S.obj)
                              (--whole-archive)
zephyr/arch/arch/arm/core/aarch32/libarch__arm__core__aarch32.a(nmi_on_reset.S.obj)
                              (--whole-archive)
zephyr/arch/arch/arm/core/aarch32/libarch__arm__core__aarch32.a(isr_wrapper.S.obj)
                              (--whole-archive)
zephyr/arch/arch/arm/core/aarch32/libarch__arm__core__aarch32.a(swap.c.obj)
[...]
Memory Configuration

Name             Origin             Length             Attributes
FLASH            0x0001c200         0x0006be00         xr
SRAM             0x20020000         0x00020000         xw
IDT_LIST         0x20040000         0x00000800         xw
*default*        0x00000000         0xffffffff

Linker script and memory map

LOAD zephyr/CMakeFiles/zephyr_prebuilt.dir/misc/empty_file.c.obj
                0x00000020                _region_min_align = 0x20

.rel.plt        0x0001c200        0x0
 *(SORT_BY_ALIGNMENT(.rel.plt))
                [!provide]                PROVIDE (__rel_iplt_start = .)
 *(SORT_BY_ALIGNMENT(.rel.iplt))
 .rel.iplt      0x0001c200        0x0 app/libapp.a(main.c.obj)
                [!provide]                PROVIDE (__rel_iplt_end = .)

.rela.plt       0x00000000        0x0
 *(SORT_BY_ALIGNMENT(.rela.plt))
                [!provide]                PROVIDE (__rela_iplt_start = .)
 *(SORT_BY_ALIGNMENT(.rela.iplt))
                [!provide]                PROVIDE (__rela_iplt_end = .)

.rel.dyn
 *(SORT_BY_ALIGNMENT(.rel.*))

.rela.dyn
 *(SORT_BY_ALIGNMENT(.rela.*))

/DISCARD/
 *(SORT_BY_ALIGNMENT(.plt))
 *(SORT_BY_ALIGNMENT(.iplt))
 *(SORT_BY_ALIGNMENT(.got.plt))
 *(SORT_BY_ALIGNMENT(.igot.plt))
 *(SORT_BY_ALIGNMENT(.got))
 *(SORT_BY_ALIGNMENT(.igot))
 *(SORT_BY_ALIGNMENT(.note.GNU-stack))
                0x0001c200                _image_rom_start = 0x1c200

rom_start       0x0001c200      0x23c
                0x00000000                . = 0x0
                0x00000000                . = ALIGN (0x4)
                0x0001c200                _vector_start = .
 *(SORT_BY_ALIGNMENT(.exc_vector_table))
 *(SORT_BY_ALIGNMENT(.exc_vector_table.*))
 .exc_vector_table._vector_table_section
                0x0001c200       0x40 zephyr/arch/arch/arm/core/aarch32/cortex_m/libarch__arm__core__aarch32__cortex_m.a(vector_table.S.obj)
                0x0001c200                _vector_table
 *(SORT_BY_ALIGNMENT(.gnu.linkonce.irq_vector_table))
 .gnu.linkonce.irq_vector_table
                0x0001c240      0x104 zephyr/arch/common/libarch__common.a(isr_tables.c.obj)
                0x0001c240                _irq_vector_table
 *(SORT_BY_ALIGNMENT(.vectors))
                0x0001c344                _vector_end = .
 *(SORT_BY_ALIGNMENT(.openocd_dbg))
 *(SORT_BY_ALIGNMENT(.openocd_dbg.*))
                0x00000200                . = 0x200
 *fill*         0x0001c344       0xbc 
                0x0001c400                _fw_info_start = .
 *(SORT_BY_NAME(SORT_BY_ALIGNMENT(.firmware_info*)))
 .firmware_info
                0x0001c400       0x3c modules/nrf/subsys/fw_info/lib..__nrf__subsys__fw_info.a(fw_info.c.obj)
                0x0001c400                m_firmware_info
                0x0000003c                _fw_info_size = ABSOLUTE ((. - _fw_info_start))

text            0x0001c440    0x23b74
                0x0001c440                _image_text_start = .
 *(SORT_BY_ALIGNMENT(.text))
 .text          0x0001c440      0x378 c:/program files (x86)/gnu tools arm embedded/8 2019-q3-update/bin/../lib/gcc/arm-none-eabi/8.3.1/thumb/v8-m.main+fp/hard\libgcc.a(_arm_addsubdf3.o)
                0x0001c440                __aeabi_drsub
                0x0001c448                __aeabi_dsub
                0x0001c448                __subdf3
                0x0001c44c                __aeabi_dadd
                0x0001c44c                __adddf3
                0x0001c6c4                __floatunsidf
                0x0001c6c4                __aeabi_ui2d
                0x0001c6e4                __floatsidf
                0x0001c6e4                __aeabi_i2d
                0x0001c708                __aeabi_f2d
                0x0001c708                __extendsfdf2
                0x0001c74c                __floatundidf
                0x0001c74c                __aeabi_ul2d
                0x0001c75c                __floatdidf
                0x0001c75c                __aeabi_l2d
 .text          0x0001c7b8      0x424 c:/program files (x86)/gnu tools arm embedded/8 2019-q3-update/bin/../lib/gcc/arm-none-eabi/8.3.1/thumb/v8-m.main+fp/hard\libgcc.a(_arm_muldivdf3.o)
                0x0001c7b8                __aeabi_dmul
                0x0001c7b8                __muldf3
                0x0001ca0c                __divdf3
                0x0001ca0c                __aeabi_ddiv
 .text          0x0001cbdc      0x110 c:/program files (x86)/gnu tools arm embedded/8 2019-q3-update/bin/../lib/gcc/arm-none-eabi/8.3.1/thumb/v8-m.main+fp/hard\libgcc.a(_arm_cmpdf2.o)
                0x0001cbdc                __gtdf2
                0x0001cbdc                __gedf2
                0x0001cbe4                __ltdf2
                0x0001cbe4                __ledf2
                0x0001cbec                __nedf2
                0x0001cbec                __eqdf2
                0x0001cbec                __cmpdf2
                0x0001cc68                __aeabi_cdrcmple
                0x0001cc78                __aeabi_cdcmpeq
                0x0001cc78                __aeabi_cdcmple
                0x0001cc88                __aeabi_dcmpeq
                0x0001cc9c                __aeabi_dcmplt
                0x0001ccb0                __aeabi_dcmple
                0x0001ccc4                __aeabi_dcmpge
                0x0001ccd8                __aeabi_dcmpgt
 .text          0x0001ccec       0x50 c:/program files (x86)/gnu tools arm embedded/8 2019-q3-update/bin/../lib/gcc/arm-none-eabi/8.3.1/thumb/v8-m.main+fp/hard\libgcc.a(_arm_fixdfsi.o)
                0x0001ccec                __aeabi_d2iz
                0x0001ccec                __fixdfsi
 .text          0x0001cd3c       0x40 c:/program files (x86)/gnu tools arm embedded/8 2019-q3-update/bin/../lib/gcc/arm-none-eabi/8.3.1/thumb/v8-m.main+fp/hard\libgcc.a(_arm_fixunsdfsi.o)
                0x0001cd3c                __aeabi_d2uiz
                0x0001cd3c                __fixunsdfsi
 .text          0x0001cd7c       0x30 c:/program files (x86)/gnu tools arm embedded/8 2019-q3-update/bin/../lib/gcc/arm-none-eabi/8.3.1/thumb/v8-m.main+fp/hard\libgcc.a(_aeabi_uldivmod.o)
                0x0001cd7c                __aeabi_uldivmod
 .text          0x0001cdac      0x2c8 c:/program files (x86)/gnu tools arm embedded/8 2019-q3-update/bin/../lib/gcc/arm-none-eabi/8.3.1/thumb/v8-m.main+fp/hard\libgcc.a(_udivmoddi4.o)
                0x0001cdac                __udivmoddi4
 .text          0x0001d074        0x4 c:/program files (x86)/gnu tools arm embedded/8 2019-q3-update/bin/../lib/gcc/arm-none-eabi/8.3.1/thumb/v8-m.main+fp/hard\libgcc.a(_dvmd_tls.o)
                0x0001d074                __aeabi_idiv0
                0x0001d074                __aeabi_ldiv0
 .text          0x0001d078       0x2c c:/program files (x86)/gnu tools arm embedded/8 2019-q3-update/bin/../lib/gcc/arm-none-eabi/8.3.1/thumb/v8-m.main+fp/hard\libgcc.a(_arm_unorddf2.o)
                0x0001d078                __unorddf2
                0x0001d078                __aeabi_dcmpun
 .text          0x0001d0a4       0x30 c:/program files (x86)/gnu tools arm embedded/8 2019-q3-update/bin/../lib/gcc/arm-none-eabi/8.3.1/thumb/v8-m.main+fp/hard\libgcc.a(_fixdfdi.o)
                0x0001d0a4                __fixdfdi
                0x0001d0a4                __aeabi_d2lz
 .text          0x0001d0d4       0x3c c:/program files (x86)/gnu tools arm embedded/8 2019-q3-update/bin/../lib/gcc/arm-none-eabi/8.3.1/thumb/v8-m.main+fp/hard\libgcc.a(_fixunsdfdi.o)
                0x0001d0d4                __fixunsdfdi
                0x0001d0d4                __aeabi_d2ulz
 .text          0x0001d110       0x14 C:/Program Files (x86)/GNU Tools ARM Embedded/8 2019-q3-update/arm-none-eabi/lib/thumb/v8-m.main+fp/hard\libc_nano.a(lib_a-strcmp.o)
                0x0001d110                strcmp
 .text          0x0001d124       0x10 C:/Program Files (x86)/GNU Tools ARM Embedded/8 2019-q3-update/arm-none-eabi/lib/thumb/v8-m.main+fp/hard\libc_nano.a(lib_a-strlen.o)
                0x0001d124                strlen
 *(SORT_BY_ALIGNMENT(.text.*))
 *fill*         0x0001d134        0x4 
 .text.motion_work_q_handler
                0x0001d138      0x160 app/libapp.a(motion.c.obj)
 .text.env_sensors_poll_fn
                0x0001d298      0x1ac app/libapp.a(env_sensors.c.obj)
 *fill*         0x0001d444        0x4 
 .text.parse_value
                0x0001d448      0x2f8 modules/nrf/ext/cjson/lib..__nrf__ext__cjson.a(cJSON.c.obj)
 .text.cJSON_CreateNumber
                0x0001d740       0x68 modules/nrf/ext/cjson/lib..__nrf__ext__cjson.a(cJSON.c.obj)
                0x0001d740                cJSON_CreateNumber
 .text.double_to_sensor_value
                0x0001d7a8       0x38 modules/nrf/drivers/sensor/sensor_sim/lib..__nrf__drivers__sensor__sensor_sim.a(sensor_sim.c.obj)
 .text.sensor_sim_sample_fetch
                0x0001d7e0      0x194 modules/nrf/drivers/sensor/sensor_sim/lib..__nrf__drivers__sensor__sensor_sim.a(sensor_sim.c.obj)
 *fill*         0x0001d974        0x4 
 .text.sin      0x0001d978       0xc0 C:/Program Files (x86)/GNU Tools ARM Embedded/8 2019-q3-update/arm-none-eabi/lib/thumb/v8-m.main+fp/hard\libm.a(lib_a-s_sin.o)
                0x0001d978                sin
 .text.__ieee754_rem_pio2
                0x0001da38      0x434 C:/Program Files (x86)/GNU Tools ARM Embedded/8 2019-q3-update/arm-none-eabi/lib/thumb/v8-m.main+fp/hard\libm.a(lib_a-e_rem_pio2.o)
                0x0001da38                __ieee754_rem_pio2
 *fill*         0x0001de6c        0x4 
 .text.__kernel_cos
                0x0001de70      0x284 C:/Program Files (x86)/GNU Tools ARM Embedded/8 2019-q3-update/arm-none-eabi/lib/thumb/v8-m.main+fp/hard\libm.a(lib_a-k_cos.o)
                0x0001de70                __kernel_cos
 *fill*         0x0001e0f4        0x4 
 .text.__kernel_rem_pio2
                0x0001e0f8      0x828 C:/Program Files (x86)/GNU Tools ARM Embedded/8 2019-q3-update/arm-none-eabi/lib/thumb/v8-m.main+fp/hard\libm.a(lib_a-k_rem_pio2.o)
                0x0001e0f8                __kernel_rem_pio2
 .text.__kernel_sin
                0x0001e920      0x194 C:/Program Files (x86)/GNU Tools ARM Embedded/8 2019-q3-update/arm-none-eabi/lib/thumb/v8-m.main+fp/hard\libm.a(lib_a-k_sin.o)
                0x0001e920                __kernel_sin
 *fill*         0x0001eab4        0x4 
 .text.floor    0x0001eab8      0x108 C:/Program Files (x86)/GNU Tools ARM Embedded/8 2019-q3-update/arm-none-eabi/lib/thumb/v8-m.main+fp/hard\libm.a(lib_a-s_floor.o)
                0x0001eab8                floor
 .text.scalbn   0x0001ebc0      0x120 C:/Program Files (x86)/GNU Tools ARM Embedded/8 2019-q3-update/arm-none-eabi/lib/thumb/v8-m.main+fp/hard\libm.a(lib_a-s_scalbn.o)
                0x0001ebc0                scalbn
 .text._strtod_l
                0x0001ece0      0xb90 C:/Program Files (x86)/GNU Tools ARM Embedded/8 2019-q3-update/arm-none-eabi/lib/thumb/v8-m.main+fp/hard\libc_nano.a(lib_a-strtod.o)
                0x0001ece0                _strtod_l
 .text._dtoa_r  0x0001f870      0xb60 C:/Program Files (x86)/GNU Tools ARM Embedded/8 2019-q3-update/arm-none-eabi/lib/thumb/v8-m.main+fp/hard\libc_nano.a(lib_a-dtoa.o)
                0x0001f870                _dtoa_r
 .text.nan      0x000203d0       0x10 C:/Program Files (x86)/GNU Tools ARM Embedded/8 2019-q3-update/arm-none-eabi/lib/thumb/v8-m.main+fp/hard\libc_nano.a(lib_a-s_nan.o)
                0x000203d0                nan
 .text.shutdown_modem
                0x000203e0       0x6c app/libapp.a(main.c.obj)
 .text.cycle_cloud_connection
                0x0002044c       0x88 app/libapp.a(main.c.obj)
 .text.set_gps_enable
                0x000204d4       0x5c app/libapp.a(main.c.obj)
 .text.long_press_handler
                0x00020530       0x48 app/libapp.a(main.c.obj)
 .text.ui_evt_handler
                0x00020578       0x5c app/libapp.a(main.c.obj)
 .text.send_modem_at_cmd_work_fn
                0x000205d4      0x128 app/libapp.a(main.c.obj)
 .text.modem_rsrp_handler
                0x000206fc       0x40 app/libapp.a(main.c.obj)
 .text.k_work_submit_to_queue.constprop.15
                0x0002073c       0x28 app/libapp.a(main.c.obj)
 .text.cloud_cmd_handler
                0x00020764      0x18c app/libapp.a(main.c.obj)
 .text.gps_trigger_handler
                0x000208f0       0x7c app/libapp.a(main.c.obj)
 .text.error_handler
                0x0002096c       0x4c app/libapp.a(main.c.obj)
                0x0002096c                error_handler
 .text.k_sys_fatal_error_handler
                0x000209b8       0x38 app/libapp.a(main.c.obj)
                0x000209b8                k_sys_fatal_error_handler
 .text.env_data_send
                0x000209f0      0x150 app/libapp.a(main.c.obj)
 .text.motion_handler
                0x00020b40       0x9c app/libapp.a(main.c.obj)
 .text.sensor_data_send
                0x00020bdc       0xbc app/libapp.a(main.c.obj)
 .text.modem_rsrp_data_send
                0x00020c98       0x78 app/libapp.a(main.c.obj)
 .text.device_status_send
                0x00020d10       0xe8 app/libapp.a(main.c.obj)
 .text.send_gps_data_work_fn
                0x00020df8        0xc app/libapp.a(main.c.obj)
 .text.cloud_connect_error_handler
                0x00020e04      0x170 app/libapp.a(main.c.obj)
                0x00020e04                cloud_connect_error_handler
 .text.sensors_start
                0x00020f74       0xe0 app/libapp.a(main.c.obj)
                0x00020f74                sensors_start
 .text.on_pairing_done
                0x00021054       0x70 app/libapp.a(main.c.obj)
                0x00021054                on_pairing_done
 .text.cloud_event_handler
                0x000210c4      0x1b4 app/libapp.a(main.c.obj)
                0x000210c4                cloud_event_handler
 .text.handle_bsdlib_init_ret
                0x00021278       0x9c app/libapp.a(main.c.obj)
                0x00021278                handle_bsdlib_init_ret
 .text.main     0x00021314      0x464 app/libapp.a(main.c.obj)
                0x00021314                main
 .text.motion_init_and_start
                0x00021778       0x88 app/libapp.a(motion.c.obj)
                0x00021778                motion_init_and_start
 .text.motion_simulate_trigger
                0x00021800       0x14 app/libapp.a(motion.c.obj)
                0x00021800                motion_simulate_trigger
 .text.button_handler
                0x00021814       0x54 app/libapp.a(ui.c.obj)
 .text.leds_update
                0x00021868       0x5c app/libapp.a(ui.c.obj)
 .text.ui_led_set_pattern
                0x000218c4        0xc app/libapp.a(ui.c.obj)
                0x000218c4                ui_led_set_pattern
 .text.ui_init  0x000218d0       0xc0 app/libapp.a(ui.c.obj)
                0x000218d0                ui_init
 .text.cloud_set_chan_cfg_item
                0x00021990       0x38 app/libapp.a(cloud_codec.c.obj)
 .text.cloud_cmd_handle_sensor_set_chan_cfg
                0x000219c8       0xac app/libapp.a(cloud_codec.c.obj)
 .text.cloud_cmd_parse_type
                0x00021a74      0x154 app/libapp.a(cloud_codec.c.obj)
 .text.cloud_encode_data
                0x00021bc8       0xc8 app/libapp.a(cloud_codec.c.obj)
                0x00021bc8                cloud_encode_data
 .text.cloud_encode_digital_twin_data
                0x00021c90      0x164 app/libapp.a(cloud_codec.c.obj)
                0x00021c90                cloud_encode_digital_twin_data
 .text.cloud_decode_command
                0x00021df4      0x324 app/libapp.a(cloud_codec.c.obj)
                0x00021df4                cloud_decode_command
 .text.cloud_decode_init
                0x00022118        0xc app/libapp.a(cloud_codec.c.obj)
                0x00022118                cloud_decode_init
 .text.cloud_encode_env_sensors_data
                0x00022124       0xa0 app/libapp.a(cloud_codec.c.obj)
                0x00022124                cloud_encode_env_sensors_data
 .text.cloud_encode_motion_data
                0x000221c4       0x84 app/libapp.a(cloud_codec.c.obj)
                0x000221c4                cloud_encode_motion_data
 .text.cloud_is_send_allowed
                0x00022248       0x98 app/libapp.a(cloud_codec.c.obj)
                0x00022248                cloud_is_send_allowed
 .text.service_info_json_object_encode
                0x000222e0       0x90 app/libapp.a(service_info.c.obj)
                0x000222e0                service_info_json_object_encode
 .text.gps_work_handler
                0x00022370      0x224 app/libapp.a(gps_controller.c.obj)
 .text.gps_control_is_active
                0x00022594       0x14 app/libapp.a(gps_controller.c.obj)
                0x00022594                gps_control_is_active
 .text.gps_control_is_enabled
                0x000225a8       0x14 app/libapp.a(gps_controller.c.obj)
                0x000225a8                gps_control_is_enabled
 .text.gps_control_stop
                0x000225bc       0x2c app/libapp.a(gps_controller.c.obj)
                0x000225bc                gps_control_stop
 .text.gps_control_disable
                0x000225e8       0x20 app/libapp.a(gps_controller.c.obj)
                0x000225e8                gps_control_disable
 .text.gps_control_start
                0x00022608       0x2c app/libapp.a(gps_controller.c.obj)
                0x00022608                gps_control_start
 .text.gps_control_enable
                0x00022634       0x1c app/libapp.a(gps_controller.c.obj)
                0x00022634                gps_control_enable
 .text.gps_control_init
                0x00022650       0xd0 app/libapp.a(gps_controller.c.obj)
                0x00022650                gps_control_init
 .text.submit_poll_work
                0x00022720       0x18 app/libapp.a(env_sensors.c.obj)
 .text.env_sensors_poll
                0x00022738       0x18 app/libapp.a(env_sensors.c.obj)
                0x00022738                env_sensors_poll
 .text.env_sensors_init_and_start
                0x00022750       0xbc app/libapp.a(env_sensors.c.obj)
                0x00022750                env_sensors_init_and_start
 .text.env_sensors_get_temperature
                0x0002280c       0xb4 app/libapp.a(env_sensors.c.obj)
                0x0002280c                env_sensors_get_temperature
 .text.env_sensors_get_humidity
                0x000228c0       0xb4 app/libapp.a(env_sensors.c.obj)
                0x000228c0                env_sensors_get_humidity
 .text.env_sensors_get_pressure
                0x00022974       0xb4 app/libapp.a(env_sensors.c.obj)
                0x00022974                env_sensors_get_pressure
 .text.env_sensors_set_send_interval
                0x00022a28       0x5c app/libapp.a(env_sensors.c.obj)
                0x00022a28                env_sensors_set_send_interval
 .text.env_sensors_set_backoff_enable
                0x00022a84        0xc app/libapp.a(env_sensors.c.obj)
                0x00022a84                env_sensors_set_backoff_enable
 .text.z_sys_mem_pool_block_free
                0x00022a90      0x19c zephyr/libzephyr.a(mempool.c.obj)
                0x00022a90                z_sys_mem_pool_block_free
 .text.char_out
                0x00022c2c       0x10 zephyr/libzephyr.a(printk.c.obj)
 .text._printk_dec_ulong
                0x00022c3c       0x98 zephyr/libzephyr.a(printk.c.obj)
 .text.__printk_hook_install
                0x00022cd4        0xc zephyr/libzephyr.a(printk.c.obj)
                0x00022cd4                __printk_hook_install
 .text.vprintk  0x00022ce0       0x1c zephyr/libzephyr.a(printk.c.obj)
                0x00022ce0                vprintk
 .text.nordicsemi_nrf91_init
                0x00022cfc       0x28 zephyr/libzephyr.a(soc.c.obj)
 .text.log_generic
                0x00022d24       0x5c zephyr/libzephyr.a(log_core.c.obj)
                0x00022d24                log_generic
 .text.log_core_init
                0x00022d80       0x18 zephyr/libzephyr.a(log_core.c.obj)
                0x00022d80                log_core_init
 .text.log_source_name_get
                0x00022d98       0x1c zephyr/libzephyr.a(log_core.c.obj)
                0x00022d98                log_source_name_get
 .text.log_backend_enable
                0x00022db4       0x5c zephyr/libzephyr.a(log_core.c.obj)
                0x00022db4                log_backend_enable
 .text.log_init
                0x00022e10       0x68 zephyr/libzephyr.a(log_core.c.obj)
                0x00022e10                log_init
 .text.z_impl_log_panic
                0x00022e78       0x40 zephyr/libzephyr.a(log_core.c.obj)
                0x00022e78                z_impl_log_panic
 .text.print_formatted
                0x00022eb8       0x24 zephyr/libzephyr.a(log_output.c.obj)
 .text.prefix_print
                0x00022edc      0x11c zephyr/libzephyr.a(log_output.c.obj)
 .text.postfix_print
                0x00022ff8       0x3c zephyr/libzephyr.a(log_output.c.obj)
 .text.hexdump_line_print
                0x00023034       0xe0 zephyr/libzephyr.a(log_output.c.obj)
 .text.log_output_string
                0x00023114       0x70 zephyr/libzephyr.a(log_output.c.obj)
                0x00023114                log_output_string
 .text.log_output_hexdump
                0x00023184       0x74 zephyr/libzephyr.a(log_output.c.obj)
                0x00023184                log_output_hexdump
 .text.log_output_timestamp_freq_set
                0x000231f8       0x30 zephyr/libzephyr.a(log_output.c.obj)
                0x000231f8                log_output_timestamp_freq_set
 .text.panic    0x00023228        0xc zephyr/libzephyr.a(log_backend_uart.c.obj)
 .text.log_backend_uart_init
                0x00023234       0x30 zephyr/libzephyr.a(log_backend_uart.c.obj)
 .text.sync_hexdump
                0x00023264       0x20 zephyr/libzephyr.a(log_backend_uart.c.obj)
 .text.sync_string
                0x00023284       0x1c zephyr/libzephyr.a(log_backend_uart.c.obj)
 .text.boot_write_trailer_byte
                0x000232a0       0x50 zephyr/libzephyr.a(mcuboot.c.obj)
 .text.boot_request_upgrade
                0x000232f0       0x64 zephyr/libzephyr.a(mcuboot.c.obj)
                0x000232f0                boot_request_upgrade
 .text.flash_progressive_erase
                0x00023354       0xbc zephyr/libzephyr.a(flash_img.c.obj)
 .text.flash_sync
                0x00023410      0x13c zephyr/libzephyr.a(flash_img.c.obj)
 .text.socket_offload_register
                0x0002354c       0x4c zephyr/libzephyr.a(socket_offload.c.obj)
                0x0002354c                socket_offload_register
 .text.get_flash_area_from_id
                0x00023598       0x2c zephyr/libzephyr.a(flash_map.c.obj)
 .text.flash_area_open
                0x000235c4       0x28 zephyr/libzephyr.a(flash_map.c.obj)
                0x000235c4                flash_area_open
 .text.sys_reboot
                0x000235ec       0x30 zephyr/libzephyr.a(reboot.c.obj)
                0x000235ec                sys_reboot
 .text.console_out
                0x0002361c       0x34 zephyr/libzephyr.a(uart_console.c.obj)
 .text.uart_console_hook_install
                0x00023650       0x18 zephyr/libzephyr.a(uart_console.c.obj)
                0x00023650                uart_console_hook_install
 .text.uart_console_init
                0x00023668       0x1c zephyr/libzephyr.a(uart_console.c.obj)
 .text.clk_init
                0x00023684       0x38 zephyr/libzephyr.a(nrf_power_clock.c.obj)
 .text.get_status
                0x000236bc       0x44 zephyr/libzephyr.a(nrf_power_clock.c.obj)
 .text.clock_async_start
                0x00023700      0x14c zephyr/libzephyr.a(nrf_power_clock.c.obj)
 .text.clock_stop
                0x0002384c       0xb0 zephyr/libzephyr.a(nrf_power_clock.c.obj)
 .text.nrf_power_clock_isr
                0x000238fc       0x54 zephyr/libzephyr.a(nrf_power_clock.c.obj)
                0x000238fc                nrf_power_clock_isr
 .text.z_clock_isr
                0x00023950       0x28 zephyr/libzephyr.a(sys_clock_init.c.obj)
                0x00023950                z_clock_isr
 .text.rtc1_nrf_isr
                0x00023978       0xb4 zephyr/libzephyr.a(nrf_rtc_timer.c.obj)
                0x00023978                rtc1_nrf_isr
 .text.z_clock_driver_init
                0x00023a2c       0x6c zephyr/libzephyr.a(nrf_rtc_timer.c.obj)
                0x00023a2c                z_clock_driver_init
 .text.z_clock_set_timeout
                0x00023a98      0x11c zephyr/libzephyr.a(nrf_rtc_timer.c.obj)
                0x00023a98                z_clock_set_timeout
 .text.z_clock_elapsed
                0x00023bb4       0xa0 zephyr/libzephyr.a(nrf_rtc_timer.c.obj)
                0x00023bb4                z_clock_elapsed
 .text.z_timer_cycle_get_32
                0x00023c54       0xa4 zephyr/libzephyr.a(nrf_rtc_timer.c.obj)
                0x00023c54                z_timer_cycle_get_32
 .text._HandlerModeExit
                0x00023cf8       0x1c zephyr/arch/arch/arm/core/aarch32/libarch__arm__core__aarch32.a(exc_exit.S.obj)
                0x00023cf8                z_arm_int_exit
                0x00023cf8                z_arm_exc_exit
 .text.z_arm_pendsv
                0x00023d14       0xc4 zephyr/arch/arch/arm/core/aarch32/libarch__arm__core__aarch32.a(swap_helper.S.obj)
                0x00023d14                z_arm_pendsv
 .text.z_arm_svc
                0x00023dd8       0x20 zephyr/arch/arch/arm/core/aarch32/libarch__arm__core__aarch32.a(swap_helper.S.obj)
                0x00023dd8                z_arm_svc
 .text.z_arm_cpu_idle_init
                0x00023df8        0xc zephyr/arch/arch/arm/core/aarch32/libarch__arm__core__aarch32.a(cpu_idle.S.obj)
                0x00023df8                z_arm_cpu_idle_init
 .text.arch_cpu_idle
                0x00023e04        0xc zephyr/arch/arch/arm/core/aarch32/libarch__arm__core__aarch32.a(cpu_idle.S.obj)
                0x00023e04                arch_cpu_idle
 .text.__fault  0x00023e10       0x14 zephyr/arch/arch/arm/core/aarch32/libarch__arm__core__aarch32.a(fault_s.S.obj)
                0x00023e10                z_arm_usage_fault
                0x00023e10                z_arm_mpu_fault
                0x00023e10                z_arm_reserved
                0x00023e10                z_arm_debug_monitor
                0x00023e10                z_arm_hard_fault
                0x00023e10                z_arm_bus_fault
 .text.z_SysNmiOnReset
                0x00023e24        0x8 zephyr/arch/arch/arm/core/aarch32/libarch__arm__core__aarch32.a(nmi_on_reset.S.obj)
                0x00023e24                z_SysNmiOnReset
 .text._isr_wrapper
                0x00023e2c       0x40 zephyr/arch/arch/arm/core/aarch32/libarch__arm__core__aarch32.a(isr_wrapper.S.obj)
                0x00023e2c                _isr_wrapper
 .text.arch_swap
                0x00023e6c       0x34 zephyr/arch/arch/arm/core/aarch32/libarch__arm__core__aarch32.a(swap.c.obj)
                0x00023e6c                arch_swap
 .text.arch_irq_enable
                0x00023ea0       0x20 zephyr/arch/arch/arm/core/aarch32/libarch__arm__core__aarch32.a(irq_manage.c.obj)
                0x00023ea0                arch_irq_enable
 .text.z_arm_irq_priority_set
                0x00023ec0       0x64 zephyr/arch/arch/arm/core/aarch32/libarch__arm__core__aarch32.a(irq_manage.c.obj)
                0x00023ec0                z_arm_irq_priority_set
 .text._arch_isr_direct_pm
                0x00023f24       0x1c zephyr/arch/arch/arm/core/aarch32/libarch__arm__core__aarch32.a(irq_manage.c.obj)
                0x00023f24                _arch_isr_direct_pm
 .text.arch_new_thread
                0x00023f40       0xa4 zephyr/arch/arch/arm/core/aarch32/libarch__arm__core__aarch32.a(thread.c.obj)
                0x00023f40                arch_new_thread
 .text.arch_switch_to_main_thread
                0x00023fe4       0x58 zephyr/arch/arch/arm/core/aarch32/libarch__arm__core__aarch32.a(thread.c.obj)
                0x00023fe4                arch_switch_to_main_thread
 .text.z_arm_fatal_error
                0x0002403c      0x128 zephyr/arch/arch/arm/core/aarch32/libarch__arm__core__aarch32.a(fatal.c.obj)
                0x0002403c                z_arm_fatal_error
 .text.z_arm_prep_c
                0x00024164       0x50 zephyr/arch/arch/arm/core/aarch32/libarch__arm__core__aarch32.a(prep_c.c.obj)
                0x00024164                z_arm_prep_c
 .text._reset_section
                0x000241b4       0x30 zephyr/arch/arch/arm/core/aarch32/cortex_m/libarch__arm__core__aarch32__cortex_m.a(reset.S.obj)
                0x000241b4                __start
                0x000241b4                z_arm_reset
 .text.mem_manage_fault.isra.2
                0x000241e4      0x144 zephyr/arch/arch/arm/core/aarch32/cortex_m/libarch__arm__core__aarch32__cortex_m.a(fault.c.obj)
 .text.bus_fault.isra.3
                0x00024328      0x12c zephyr/arch/arch/arm/core/aarch32/cortex_m/libarch__arm__core__aarch32__cortex_m.a(fault.c.obj)
 .text.usage_fault.isra.4
                0x00024454      0x128 zephyr/arch/arch/arm/core/aarch32/cortex_m/libarch__arm__core__aarch32__cortex_m.a(fault.c.obj)
 .text.z_arm_fault
                0x0002457c      0x210 zephyr/arch/arch/arm/core/aarch32/cortex_m/libarch__arm__core__aarch32__cortex_m.a(fault.c.obj)
                0x0002457c                z_arm_fault
 .text.z_arm_fault_init
                0x0002478c       0x18 zephyr/arch/arch/arm/core/aarch32/cortex_m/libarch__arm__core__aarch32__cortex_m.a(fault.c.obj)
                0x0002478c                z_arm_fault_init
 .text.sys_arch_reboot
                0x000247a4       0x24 zephyr/arch/arch/arm/core/aarch32/cortex_m/libarch__arm__core__aarch32__cortex_m.a(scb.c.obj)
                0x000247a4                sys_arch_reboot
 .text.z_arm_int_lib_init
                0x000247c8       0x18 zephyr/arch/arch/arm/core/aarch32/cortex_m/libarch__arm__core__aarch32__cortex_m.a(irq_init.c.obj)
                0x000247c8                z_arm_int_lib_init
 .text.z_impl_k_thread_abort
                0x000247e0       0x7c zephyr/arch/arch/arm/core/aarch32/cortex_m/libarch__arm__core__aarch32__cortex_m.a(thread_abort.c.obj)
                0x000247e0                z_impl_k_thread_abort
 .text.z_arm_configure_static_mpu_regions
                0x0002485c       0x54 zephyr/arch/arch/arm/core/aarch32/cortex_m/mpu/libarch__arm__core__aarch32__cortex_m__mpu.a(arm_core_mpu.c.obj)
                0x0002485c                z_arm_configure_static_mpu_regions
 .text.region_init
                0x000248b0       0x30 zephyr/arch/arch/arm/core/aarch32/cortex_m/mpu/libarch__arm__core__aarch32__cortex_m__mpu.a(arm_mpu.c.obj)
 .text.region_allocate_and_init
                0x000248e0       0x40 zephyr/arch/arch/arm/core/aarch32/cortex_m/mpu/libarch__arm__core__aarch32__cortex_m__mpu.a(arm_mpu.c.obj)
 .text.mpu_configure_regions_and_partition.constprop.2
                0x00024920      0x184 zephyr/arch/arch/arm/core/aarch32/cortex_m/mpu/libarch__arm__core__aarch32__cortex_m__mpu.a(arm_mpu.c.obj)
 .text.arm_core_mpu_enable
                0x00024aa4       0x14 zephyr/arch/arch/arm/core/aarch32/cortex_m/mpu/libarch__arm__core__aarch32__cortex_m__mpu.a(arm_mpu.c.obj)
                0x00024aa4                arm_core_mpu_enable
 .text.arm_core_mpu_disable
                0x00024ab8       0x10 zephyr/arch/arch/arm/core/aarch32/cortex_m/mpu/libarch__arm__core__aarch32__cortex_m__mpu.a(arm_mpu.c.obj)
                0x00024ab8                arm_core_mpu_disable
 .text.arm_mpu_init
                0x00024ac8       0xb0 zephyr/arch/arch/arm/core/aarch32/cortex_m/mpu/libarch__arm__core__aarch32__cortex_m__mpu.a(arm_mpu.c.obj)
 .text.arm_core_mpu_configure_static_mpu_regions
                0x00024b78       0x48 zephyr/arch/arch/arm/core/aarch32/cortex_m/mpu/libarch__arm__core__aarch32__cortex_m__mpu.a(arm_mpu.c.obj)
                0x00024b78                arm_core_mpu_configure_static_mpu_regions
 .text.arm_core_mpu_mark_areas_for_dynamic_regions
                0x00024bc0       0xdc zephyr/arch/arch/arm/core/aarch32/cortex_m/mpu/libarch__arm__core__aarch32__cortex_m__mpu.a(arm_mpu.c.obj)
                0x00024bc0                arm_core_mpu_mark_areas_for_dynamic_regions
 .text.arm_core_mpu_configure_dynamic_mpu_regions
                0x00024c9c       0x78 zephyr/arch/arch/arm/core/aarch32/cortex_m/mpu/libarch__arm__core__aarch32__cortex_m__mpu.a(arm_mpu.c.obj)
                0x00024c9c                arm_core_mpu_configure_dynamic_mpu_regions
 .text.__stdout_hook_install
                0x00024d14        0xc zephyr/lib/libc/newlib/liblib__libc__newlib.a(libc-hooks.c.obj)
                0x00024d14                __stdout_hook_install
 .text.z_impl_zephyr_read_stdin
                0x00024d20       0x28 zephyr/lib/libc/newlib/liblib__libc__newlib.a(libc-hooks.c.obj)
                0x00024d20                z_impl_zephyr_read_stdin
 .text.z_impl_zephyr_write_stdout
                0x00024d48       0x30 zephyr/lib/libc/newlib/liblib__libc__newlib.a(libc-hooks.c.obj)
                0x00024d48                z_impl_zephyr_write_stdout
 .text._exit    0x00024d78       0x10 zephyr/lib/libc/newlib/liblib__libc__newlib.a(libc-hooks.c.obj)
                0x00024d78                _exit
 .text._sbrk    0x00024d88       0x44 zephyr/lib/libc/newlib/liblib__libc__newlib.a(libc-hooks.c.obj)
                0x00024d88                sbrk
                0x00024d88                _sbrk
 .text.net_if_flag_is_set
                0x00024dcc       0x48 zephyr/subsys/net/ip/libsubsys__net__ip.a(net_if.c.obj)
 .text.net_if_flag_set.constprop.24
                0x00024e14       0x4c zephyr/subsys/net/ip/libsubsys__net__ip.a(net_if.c.obj)
 .text.net_if_up
                0x00024e60       0x78 zephyr/subsys/net/ip/libsubsys__net__ip.a(net_if.c.obj)
                0x00024e60                net_if_up
 .text.net_if_init
                0x00024ed8       0x28 zephyr/subsys/net/ip/libsubsys__net__ip.a(net_if.c.obj)
                0x00024ed8                net_if_init
 .text.net_if_post_init
                0x00024f00       0x28 zephyr/subsys/net/ip/libsubsys__net__ip.a(net_if.c.obj)
                0x00024f00                net_if_post_init
 .text.connect_request_encode
                0x00024f28      0x100 zephyr/subsys/net/lib/mqtt/libsubsys__net__lib__mqtt.a(mqtt_encoder.c.obj)
                0x00024f28                connect_request_encode
 .text.disconnect_encode
                0x00025028       0x24 zephyr/subsys/net/lib/mqtt/libsubsys__net__lib__mqtt.a(mqtt_encoder.c.obj)
                0x00025028                disconnect_encode
 .text.ping_request_encode
                0x0002504c       0x24 zephyr/subsys/net/lib/mqtt/libsubsys__net__lib__mqtt.a(mqtt_encoder.c.obj)
                0x0002504c                ping_request_encode
 .text.close    0x00025070       0x58 zephyr/subsys/net/lib/mqtt/libsubsys__net__lib__mqtt.a(mqtt_transport_socket_tcp.c.obj)
 .text.mqtt_client_tcp_connect
                0x000250c8       0xd4 zephyr/subsys/net/lib/mqtt/libsubsys__net__lib__mqtt.a(mqtt_transport_socket_tcp.c.obj)
                0x000250c8                mqtt_client_tcp_connect
 .text.mqtt_client_tcp_write
                0x0002519c       0x98 zephyr/subsys/net/lib/mqtt/libsubsys__net__lib__mqtt.a(mqtt_transport_socket_tcp.c.obj)
                0x0002519c                mqtt_client_tcp_write
 .text.mqtt_client_tcp_read
                0x00025234       0x7c zephyr/subsys/net/lib/mqtt/libsubsys__net__lib__mqtt.a(mqtt_transport_socket_tcp.c.obj)
                0x00025234                mqtt_client_tcp_read
 .text.mqtt_transport_connect
                0x000252b0       0x10 zephyr/subsys/net/lib/mqtt/libsubsys__net__lib__mqtt.a(mqtt_transport.c.obj)
                0x000252b0                mqtt_transport_connect
 .text.mqtt_transport_write
                0x000252c0       0x18 zephyr/subsys/net/lib/mqtt/libsubsys__net__lib__mqtt.a(mqtt_transport.c.obj)
                0x000252c0                mqtt_transport_write
 .text.mqtt_transport_read
                0x000252d8       0x18 zephyr/subsys/net/lib/mqtt/libsubsys__net__lib__mqtt.a(mqtt_transport.c.obj)
                0x000252d8                mqtt_transport_read
 .text.mqtt_transport_disconnect
                0x000252f0       0x14 zephyr/subsys/net/lib/mqtt/libsubsys__net__lib__mqtt.a(mqtt_transport.c.obj)
                0x000252f0                mqtt_transport_disconnect
 .text.mqtt_mutex_unlock
                0x00025304       0x58 zephyr/subsys/net/lib/mqtt/libsubsys__net__lib__mqtt.a(mqtt.c.obj)
 .text.mqtt_mutex_lock
                0x0002535c       0x40 zephyr/subsys/net/lib/mqtt/libsubsys__net__lib__mqtt.a(mqtt.c.obj)
 .text.close    0x0002539c       0x58 zephyr/subsys/net/lib/mqtt/libsubsys__net__lib__mqtt.a(mqtt_transport_socket_tls.c.obj)
 .text.setsockopt.constprop.1
                0x000253f4       0x70 zephyr/subsys/net/lib/mqtt/libsubsys__net__lib__mqtt.a(mqtt_transport_socket_tls.c.obj)
 .text.mqtt_client_tls_connect
                0x00025464      0x140 zephyr/subsys/net/lib/mqtt/libsubsys__net__lib__mqtt.a(mqtt_transport_socket_tls.c.obj)
                0x00025464                mqtt_client_tls_connect
 .text.mqtt_client_tls_write
                0x000255a4       0x98 zephyr/subsys/net/lib/mqtt/libsubsys__net__lib__mqtt.a(mqtt_transport_socket_tls.c.obj)
                0x000255a4                mqtt_client_tls_write
 .text.mqtt_client_tls_read
                0x0002563c       0x7c zephyr/subsys/net/lib/mqtt/libsubsys__net__lib__mqtt.a(mqtt_transport_socket_tls.c.obj)
                0x0002563c                mqtt_client_tls_read
 .text.z_impl_entropy_get_entropy
                0x000256b8       0x48 zephyr/subsys/random/libsubsys__random.a(rand32_entropy_device.c.obj)
 .text.sys_rand32_get
                0x00025700       0x64 zephyr/subsys/random/libsubsys__random.a(rand32_entropy_device.c.obj)
                0x00025700                sys_rand32_get
 .text.gpio_nrfx_manage_callback
                0x00025764       0xac zephyr/drivers/gpio/libdrivers__gpio.a(gpio_nrfx.c.obj)
 .text.nrf_gpio_pin_port_decode.isra.8.part.9
                0x00025810       0x1c zephyr/drivers/gpio/libdrivers__gpio.a(gpio_nrfx.c.obj)
 .text.nrf_gpio_cfg_sense_set
                0x0002582c       0x28 zephyr/drivers/gpio/libdrivers__gpio.a(gpio_nrfx.c.obj)
 .text.gpio_nrfx_init
                0x00025854       0x30 zephyr/drivers/gpio/libdrivers__gpio.a(gpio_nrfx.c.obj)
 .text.gpiote_pin_int_cfg
                0x00025884      0x144 zephyr/drivers/gpio/libdrivers__gpio.a(gpio_nrfx.c.obj)
 .text.gpio_nrfx_config
                0x000259c8      0x12c zephyr/drivers/gpio/libdrivers__gpio.a(gpio_nrfx.c.obj)
 .text.gpiote_event_handler
                0x00025af4      0x180 zephyr/drivers/gpio/libdrivers__gpio.a(gpio_nrfx.c.obj)
 .text.flash_nrf_pages_layout
                0x00025c74       0x10 zephyr/drivers/flash/libdrivers__flash.a(soc_flash_nrf.c.obj)
 .text.flash_nrf_erase
                0x00025c84       0x60 zephyr/drivers/flash/libdrivers__flash.a(soc_flash_nrf.c.obj)
 .text.nrf_flash_init
                0x00025ce4       0x28 zephyr/drivers/flash/libdrivers__flash.a(soc_flash_nrf.c.obj)
 .text.flash_nrf_write
                0x00025d0c       0x64 zephyr/drivers/flash/libdrivers__flash.a(soc_flash_nrf.c.obj)
 .text.uarte_nrfx_configure
                0x00025d70      0x16c zephyr/drivers/serial/libdrivers__serial.a(uart_nrfx_uarte.c.obj)
 .text.uarte_0_init
                0x00025edc       0x90 zephyr/drivers/serial/libdrivers__serial.a(uart_nrfx_uarte.c.obj)
 .text.entropy_cc310_rng_get_entropy
                0x00025f6c       0x5c zephyr/drivers/entropy/libdrivers__entropy.a(entropy_cc310.c.obj)
 .text.parse_string
                0x00025fc8      0x1d8 modules/nrf/ext/cjson/lib..__nrf__ext__cjson.a(cJSON.c.obj)
 .text.get_object_item
                0x000261a0       0x70 modules/nrf/ext/cjson/lib..__nrf__ext__cjson.a(cJSON.c.obj)
 .text.print_string_ptr
                0x00026210      0x140 modules/nrf/ext/cjson/lib..__nrf__ext__cjson.a(cJSON.c.obj)
 .text.print_value
                0x00026350      0x330 modules/nrf/ext/cjson/lib..__nrf__ext__cjson.a(cJSON.c.obj)
 .text.print.constprop.14
                0x00026680       0x98 modules/nrf/ext/cjson/lib..__nrf__ext__cjson.a(cJSON.c.obj)
 .text.cJSON_strdup.isra.2.constprop.16
                0x00026718       0x2c modules/nrf/ext/cjson/lib..__nrf__ext__cjson.a(cJSON.c.obj)
 .text.add_item_to_object.constprop.12
                0x00026744       0x50 modules/nrf/ext/cjson/lib..__nrf__ext__cjson.a(cJSON.c.obj)
 .text.cJSON_InitHooks
                0x00026794       0x48 modules/nrf/ext/cjson/lib..__nrf__ext__cjson.a(cJSON.c.obj)
                0x00026794                cJSON_InitHooks
 .text.cJSON_Delete
                0x000267dc       0x48 modules/nrf/ext/cjson/lib..__nrf__ext__cjson.a(cJSON.c.obj)
                0x000267dc                cJSON_Delete
 .text.cJSON_ParseWithOpts
                0x00026824       0xe0 modules/nrf/ext/cjson/lib..__nrf__ext__cjson.a(cJSON.c.obj)
                0x00026824                cJSON_ParseWithOpts
 .text.cJSON_CreateNull
                0x00026904       0x18 modules/nrf/ext/cjson/lib..__nrf__ext__cjson.a(cJSON.c.obj)
                0x00026904                cJSON_CreateNull
 .text.cJSON_CreateString
                0x0002691c       0x30 modules/nrf/ext/cjson/lib..__nrf__ext__cjson.a(cJSON.c.obj)
                0x0002691c                cJSON_CreateString
 .text.cJSON_CreateArray
                0x0002694c       0x18 modules/nrf/ext/cjson/lib..__nrf__ext__cjson.a(cJSON.c.obj)
                0x0002694c                cJSON_CreateArray
 .text.cJSON_CreateObject
                0x00026964       0x18 modules/nrf/ext/cjson/lib..__nrf__ext__cjson.a(cJSON.c.obj)
                0x00026964                cJSON_CreateObject
 .text.cJSON_Init
                0x0002697c       0x1c modules/nrf/ext/cjson/lib..__nrf__ext__cjson.a(cJSON_os.c.obj)
                0x0002697c                cJSON_Init
 .text._bsdlib_init
                0x00026998       0x1c modules/nrf/lib/bsdlib/lib..__nrf__lib__bsdlib.a(bsdlib.c.obj)
 .text.bsdlib_get_init_ret
                0x000269b4        0xc modules/nrf/lib/bsdlib/lib..__nrf__lib__bsdlib.a(bsdlib.c.obj)
                0x000269b4                bsdlib_get_init_ret
 .text.thread_monitor_entry_get
                0x000269c0       0x40 modules/nrf/lib/bsdlib/lib..__nrf__lib__bsdlib.a(bsd_os.c.obj)
 .text.rpc_proxy_irq_handler
                0x00026a00       0x48 modules/nrf/lib/bsdlib/lib..__nrf__lib__bsdlib.a(bsd_os.c.obj)
                0x00026a00                rpc_proxy_irq_handler
 .text.bsd_os_timedwait
                0x00026a48      0x128 modules/nrf/lib/bsdlib/lib..__nrf__lib__bsdlib.a(bsd_os.c.obj)
                0x00026a48                bsd_os_timedwait
 .text.bsd_os_errno_set
                0x00026b70      0x1e4 modules/nrf/lib/bsdlib/lib..__nrf__lib__bsdlib.a(bsd_os.c.obj)
                0x00026b70                bsd_os_errno_set
 .text.bsd_os_application_irq_set
                0x00026d54       0x10 modules/nrf/lib/bsdlib/lib..__nrf__lib__bsdlib.a(bsd_os.c.obj)
                0x00026d54                bsd_os_application_irq_set
 .text.bsd_os_application_irq_clear
                0x00026d64       0x10 modules/nrf/lib/bsdlib/lib..__nrf__lib__bsdlib.a(bsd_os.c.obj)
                0x00026d64                bsd_os_application_irq_clear
 .text.bsd_os_trace_irq_set
                0x00026d74       0x10 modules/nrf/lib/bsdlib/lib..__nrf__lib__bsdlib.a(bsd_os.c.obj)
                0x00026d74                bsd_os_trace_irq_set
 .text.bsd_os_trace_irq_clear
                0x00026d84       0x10 modules/nrf/lib/bsdlib/lib..__nrf__lib__bsdlib.a(bsd_os.c.obj)
                0x00026d84                bsd_os_trace_irq_clear
 .text.bsd_os_init
                0x00026d94       0x2c modules/nrf/lib/bsdlib/lib..__nrf__lib__bsdlib.a(bsd_os.c.obj)
                0x00026d94                bsd_os_init
 .text.z_to_nrf_optname
                0x00026dc0       0xd0 modules/nrf/lib/bsdlib/lib..__nrf__lib__bsdlib.a(nrf91_sockets.c.obj)
 .text.nrf91_socket_iface_init
                0x00026e90       0x18 modules/nrf/lib/bsdlib/lib..__nrf__lib__bsdlib.a(nrf91_sockets.c.obj)
 .text.dk_set_leds_state.part.7
                0x00026ea8       0x7c modules/nrf/lib/dk_buttons_and_leds/lib..__nrf__lib__dk_buttons_and_leds.a(dk_buttons_and_leds.c.obj)
 .text.button_pressed
                0x00026f24      0x124 modules/nrf/lib/dk_buttons_and_leds/lib..__nrf__lib__dk_buttons_and_leds.a(dk_buttons_and_leds.c.obj)
 .text.buttons_scan_fn
                0x00027048      0x220 modules/nrf/lib/dk_buttons_and_leds/lib..__nrf__lib__dk_buttons_and_leds.a(dk_buttons_and_leds.c.obj)
 .text.dk_leds_init
                0x00027268       0x94 modules/nrf/lib/dk_buttons_and_leds/lib..__nrf__lib__dk_buttons_and_leds.a(dk_buttons_and_leds.c.obj)
                0x00027268                dk_leds_init
 .text.dk_read_buttons
                0x000272fc       0x20 modules/nrf/lib/dk_buttons_and_leds/lib..__nrf__lib__dk_buttons_and_leds.a(dk_buttons_and_leds.c.obj)
                0x000272fc                dk_read_buttons
 .text.dk_buttons_init
                0x0002731c      0x1e8 modules/nrf/lib/dk_buttons_and_leds/lib..__nrf__lib__dk_buttons_and_leds.a(dk_buttons_and_leds.c.obj)
                0x0002731c                dk_buttons_init
 .text.close    0x00027504       0x58 modules/nrf/lib/at_cmd/lib..__nrf__lib__at_cmd.a(at_cmd.c.obj)
 .text.callback_worker
                0x0002755c       0x20 modules/nrf/lib/at_cmd/lib..__nrf__lib__at_cmd.a(at_cmd.c.obj)
 .text.open_socket
                0x0002757c       0x74 modules/nrf/lib/at_cmd/lib..__nrf__lib__at_cmd.a(at_cmd.c.obj)
 .text.at_write
                0x000275f0       0xfc modules/nrf/lib/at_cmd/lib..__nrf__lib__at_cmd.a(at_cmd.c.obj)
 .text.socket_thread_fn
                0x000276ec      0x2e8 modules/nrf/lib/at_cmd/lib..__nrf__lib__at_cmd.a(at_cmd.c.obj)
 .text.at_cmd_driver_init
                0x000279d4       0x78 modules/nrf/lib/at_cmd/lib..__nrf__lib__at_cmd.a(at_cmd.c.obj)
 .text.at_cmd_write
                0x00027a4c       0x44 modules/nrf/lib/at_cmd/lib..__nrf__lib__at_cmd.a(at_cmd.c.obj)
                0x00027a4c                at_cmd_write
 .text.at_cmd_set_notification_handler
                0x00027a90       0x54 modules/nrf/lib/at_cmd/lib..__nrf__lib__at_cmd.a(at_cmd.c.obj)
                0x00027a90                at_cmd_set_notification_handler
 .text.find_node
                0x00027ae4       0x34 modules/nrf/lib/at_notif/lib..__nrf__lib__at_notif.a(at_notif.c.obj)
 .text.module_init
                0x00027b18       0x54 modules/nrf/lib/at_notif/lib..__nrf__lib__at_notif.a(at_notif.c.obj)
 .text.k_mutex_unlock.constprop.7
                0x00027b6c        0xc modules/nrf/lib/at_notif/lib..__nrf__lib__at_notif.a(at_notif.c.obj)
 .text.notif_dispatch
                0x00027b78       0x38 modules/nrf/lib/at_notif/lib..__nrf__lib__at_notif.a(at_notif.c.obj)
 .text.at_notif_register_handler
                0x00027bb0       0x98 modules/nrf/lib/at_notif/lib..__nrf__lib__at_notif.a(at_notif.c.obj)
                0x00027bb0                at_notif_register_handler
 .text.at_notif_deregister_handler
                0x00027c48       0xac modules/nrf/lib/at_notif/lib..__nrf__lib__at_notif.a(at_notif.c.obj)
                0x00027c48                at_notif_deregister_handler
 .text.write_uart_string
                0x00027cf4       0x1c modules/nrf/lib/at_host/lib..__nrf__lib__at_host.a(at_host.c.obj)
 .text.cmd_send
                0x00027d10       0xb4 modules/nrf/lib/at_host/lib..__nrf__lib__at_host.a(at_host.c.obj)
 .text.isr      0x00027dc4      0x16c modules/nrf/lib/at_host/lib..__nrf__lib__at_host.a(at_host.c.obj)
 .text.at_host_init
                0x00027f30      0x168 modules/nrf/lib/at_host/lib..__nrf__lib__at_host.a(at_host.c.obj)
 .text.is_valid_notification_char
                0x00028098       0x20 modules/nrf/lib/at_cmd_parser/lib..__nrf__lib__at_cmd_parser.a(at_cmd_parser.c.obj)
 .text.at_parse_process_element
                0x000280b8      0x1a4 modules/nrf/lib/at_cmd_parser/lib..__nrf__lib__at_cmd_parser.a(at_cmd_parser.c.obj)
 .text.is_command
                0x0002825c       0x60 modules/nrf/lib/at_cmd_parser/lib..__nrf__lib__at_cmd_parser.a(at_cmd_parser.c.obj)
 .text.at_parse_detect_type
                0x000282bc       0xc0 modules/nrf/lib/at_cmd_parser/lib..__nrf__lib__at_cmd_parser.a(at_cmd_parser.c.obj)
 .text.at_parser_max_params_from_str
                0x0002837c      0x120 modules/nrf/lib/at_cmd_parser/lib..__nrf__lib__at_cmd_parser.a(at_cmd_parser.c.obj)
                0x0002837c                at_parser_max_params_from_str
 .text.at_params_get
                0x0002849c       0x44 modules/nrf/lib/at_cmd_parser/lib..__nrf__lib__at_cmd_parser.a(at_params.c.obj)
 .text.at_param_size
                0x000284e0       0x50 modules/nrf/lib/at_cmd_parser/lib..__nrf__lib__at_cmd_parser.a(at_params.c.obj)
 .text.at_param_clear
                0x00028530       0x44 modules/nrf/lib/at_cmd_parser/lib..__nrf__lib__at_cmd_parser.a(at_params.c.obj)
 .text.at_params_list_clear
                0x00028574       0x70 modules/nrf/lib/at_cmd_parser/lib..__nrf__lib__at_cmd_parser.a(at_params.c.obj)
                0x00028574                at_params_list_clear
 .text.w_lte_lc_init
                0x000285e4       0x2c modules/nrf/lib/lte_link_control/lib..__nrf__lib__lte_link_control.a(lte_lc.c.obj)
 .text.parse_nw_reg_status
                0x00028610      0x168 modules/nrf/lib/lte_link_control/lib..__nrf__lib__lte_link_control.a(lte_lc.c.obj)
 .text.at_handler
                0x00028778       0x74 modules/nrf/lib/lte_link_control/lib..__nrf__lib__lte_link_control.a(lte_lc.c.obj)
                0x00028778                at_handler
 .text.w_lte_lc_connect
                0x000287ec      0x14c modules/nrf/lib/lte_link_control/lib..__nrf__lib__lte_link_control.a(lte_lc.c.obj)
 .text.lte_lc_power_off
                0x00028938       0x1c modules/nrf/lib/lte_link_control/lib..__nrf__lib__lte_link_control.a(lte_lc.c.obj)
                0x00028938                lte_lc_power_off
 .text.lte_lc_psm_req
                0x00028954       0x2c modules/nrf/lib/lte_link_control/lib..__nrf__lib__lte_link_control.a(lte_lc.c.obj)
                0x00028954                lte_lc_psm_req
 .text.modem_info_parse.isra.0
                0x00028980       0x2c modules/nrf/lib/modem_info/lib..__nrf__lib__modem_info.a(modem_info.c.obj)
 .text.modem_info_rsrp_subscribe_handler
                0x000289ac       0x98 modules/nrf/lib/modem_info/lib..__nrf__lib__modem_info.a(modem_info.c.obj)
 .text.modem_info_type_get
                0x00028a44       0x14 modules/nrf/lib/modem_info/lib..__nrf__lib__modem_info.a(modem_info.c.obj)
                0x00028a44                modem_info_type_get
 .text.modem_info_name_get
                0x00028a58       0x30 modules/nrf/lib/modem_info/lib..__nrf__lib__modem_info.a(modem_info.c.obj)
                0x00028a58                modem_info_name_get
 .text.modem_info_short_get
                0x00028a88       0x64 modules/nrf/lib/modem_info/lib..__nrf__lib__modem_info.a(modem_info.c.obj)
                0x00028a88                modem_info_short_get
 .text.modem_info_string_get
                0x00028aec      0x12c modules/nrf/lib/modem_info/lib..__nrf__lib__modem_info.a(modem_info.c.obj)
                0x00028aec                modem_info_string_get
 .text.modem_info_rsrp_register
                0x00028c18       0x64 modules/nrf/lib/modem_info/lib..__nrf__lib__modem_info.a(modem_info.c.obj)
                0x00028c18                modem_info_rsrp_register
 .text.modem_info_init
                0x00028c7c        0xc modules/nrf/lib/modem_info/lib..__nrf__lib__modem_info.a(modem_info.c.obj)
                0x00028c7c                modem_info_init
 .text.modem_data_get
                0x00028c88       0x8c modules/nrf/lib/modem_info/lib..__nrf__lib__modem_info.a(modem_info_params.c.obj)
 .text.modem_info_params_init
                0x00028d14       0xa0 modules/nrf/lib/modem_info/lib..__nrf__lib__modem_info.a(modem_info_params.c.obj)
                0x00028d14                modem_info_params_init
 .text.modem_info_params_get
                0x00028db4      0x198 modules/nrf/lib/modem_info/lib..__nrf__lib__modem_info.a(modem_info_params.c.obj)
                0x00028db4                modem_info_params_get
 .text.network_data_add
                0x00028f4c       0xf4 modules/nrf/lib/modem_info/lib..__nrf__lib__modem_info.a(modem_info_json.c.obj)
 .text.device_data_add
                0x00029040       0x68 modules/nrf/lib/modem_info/lib..__nrf__lib__modem_info.a(modem_info_json.c.obj)
 .text.modem_info_json_object_encode
                0x000290a8       0xc0 modules/nrf/lib/modem_info/lib..__nrf__lib__modem_info.a(modem_info_json.c.obj)
                0x000290a8                modem_info_json_object_encode
 .text.cloud_get_binding
                0x00029168       0x34 modules/nrf/subsys/net/lib/cloud/lib..__nrf__subsys__net__lib__cloud.a(cloud.c.obj)
                0x00029168                cloud_get_binding
 .text.uninit   0x0002919c       0x30 modules/nrf/subsys/net/lib/nrf_cloud/lib..__nrf__subsys__net__lib__nrf_cloud.a(nrf_cloud.c.obj)
 .text.event_handler
                0x000291cc      0x1d0 modules/nrf/subsys/net/lib/nrf_cloud/lib..__nrf__subsys__net__lib__nrf_cloud.a(nrf_cloud.c.obj)
 .text.send     0x0002939c       0xd4 modules/nrf/subsys/net/lib/nrf_cloud/lib..__nrf__subsys__net__lib__nrf_cloud.a(nrf_cloud.c.obj)
 .text.nfsm_get_current_state
                0x00029470        0xc modules/nrf/subsys/net/lib/nrf_cloud/lib..__nrf__subsys__net__lib__nrf_cloud.a(nrf_cloud.c.obj)
                0x00029470                nfsm_get_current_state
 .text.nfsm_set_current_state_and_notify
                0x0002947c       0x54 modules/nrf/subsys/net/lib/nrf_cloud/lib..__nrf__subsys__net__lib__nrf_cloud.a(nrf_cloud.c.obj)
                0x0002947c                nfsm_set_current_state_and_notify
 .text.nrf_cloud_init
                0x000294d0       0x40 modules/nrf/subsys/net/lib/nrf_cloud/lib..__nrf__subsys__net__lib__nrf_cloud.a(nrf_cloud.c.obj)
                0x000294d0                nrf_cloud_init
 .text.init     0x00029510       0x24 modules/nrf/subsys/net/lib/nrf_cloud/lib..__nrf__subsys__net__lib__nrf_cloud.a(nrf_cloud.c.obj)
 .text.nrf_cloud_connect
                0x00029534       0x18 modules/nrf/subsys/net/lib/nrf_cloud/lib..__nrf__subsys__net__lib__nrf_cloud.a(nrf_cloud.c.obj)
                0x00029534                nrf_cloud_connect
 .text.connect  0x0002954c       0xb8 modules/nrf/subsys/net/lib/nrf_cloud/lib..__nrf__subsys__net__lib__nrf_cloud.a(nrf_cloud.c.obj)
 .text.nrf_cloud_disconnect
                0x00029604       0x1c modules/nrf/subsys/net/lib/nrf_cloud/lib..__nrf__subsys__net__lib__nrf_cloud.a(nrf_cloud.c.obj)
                0x00029604                nrf_cloud_disconnect
 .text.nct_input
                0x00029620        0xc modules/nrf/subsys/net/lib/nrf_cloud/lib..__nrf__subsys__net__lib__nrf_cloud.a(nrf_cloud.c.obj)
                0x00029620                nct_input
 .text.nct_apply_update
                0x0002962c       0x10 modules/nrf/subsys/net/lib/nrf_cloud/lib..__nrf__subsys__net__lib__nrf_cloud.a(nrf_cloud.c.obj)
                0x0002962c                nct_apply_update
 .text.nrf_cloud_decode_desired_obj
                0x0002963c       0x24 modules/nrf/subsys/net/lib/nrf_cloud/lib..__nrf__subsys__net__lib__nrf_cloud.a(nrf_cloud_codec.c.obj)
 .text.nrf_cloud_decode_requested_state
                0x00029660      0x18c modules/nrf/subsys/net/lib/nrf_cloud/lib..__nrf__subsys__net__lib__nrf_cloud.a(nrf_cloud_codec.c.obj)
                0x00029660                nrf_cloud_decode_requested_state
 .text.nrf_cloud_encode_config_response
                0x000297ec      0x168 modules/nrf/subsys/net/lib/nrf_cloud/lib..__nrf__subsys__net__lib__nrf_cloud.a(nrf_cloud_codec.c.obj)
                0x000297ec                nrf_cloud_encode_config_response
 .text.nrf_cloud_encode_state
                0x00029954      0x1b4 modules/nrf/subsys/net/lib/nrf_cloud/lib..__nrf__subsys__net__lib__nrf_cloud.a(nrf_cloud_codec.c.obj)
                0x00029954                nrf_cloud_encode_state
 .text.nrf_cloud_decode_data_endpoint
                0x00029b08      0x188 modules/nrf/subsys/net/lib/nrf_cloud/lib..__nrf__subsys__net__lib__nrf_cloud.a(nrf_cloud_codec.c.obj)
                0x00029b08                nrf_cloud_decode_data_endpoint
 .text.state_ua_pin_wait
                0x00029c90       0xa8 modules/nrf/subsys/net/lib/nrf_cloud/lib..__nrf__subsys__net__lib__nrf_cloud.a(nrf_cloud_fsm.c.obj)
 .text.cc_connection_handler
                0x00029d38       0x4c modules/nrf/subsys/net/lib/nrf_cloud/lib..__nrf__subsys__net__lib__nrf_cloud.a(nrf_cloud_fsm.c.obj)
 .text.cc_rx_data_handler
                0x00029d84      0x214 modules/nrf/subsys/net/lib/nrf_cloud/lib..__nrf__subsys__net__lib__nrf_cloud.a(nrf_cloud_fsm.c.obj)
 .text.nfsm_handle_incoming_event
                0x00029f98       0xb4 modules/nrf/subsys/net/lib/nrf_cloud/lib..__nrf__subsys__net__lib__nrf_cloud.a(nrf_cloud_fsm.c.obj)
                0x00029f98                nfsm_handle_incoming_event
 .text.dc_endpoint_reset
                0x0002a04c       0x18 modules/nrf/subsys/net/lib/nrf_cloud/lib..__nrf__subsys__net__lib__nrf_cloud.a(nrf_cloud_transport.c.obj)
 .text.aws_fota_cb_handler
                0x0002a064       0xb0 modules/nrf/subsys/net/lib/nrf_cloud/lib..__nrf__subsys__net__lib__nrf_cloud.a(nrf_cloud_transport.c.obj)
 .text.dc_send  0x0002a114       0x74 modules/nrf/subsys/net/lib/nrf_cloud/lib..__nrf__subsys__net__lib__nrf_cloud.a(nrf_cloud_transport.c.obj)
 .text.dc_endpoint_free
                0x0002a188       0x30 modules/nrf/subsys/net/lib/nrf_cloud/lib..__nrf__subsys__net__lib__nrf_cloud.a(nrf_cloud_transport.c.obj)
 .text.nct_mqtt_evt_handler
                0x0002a1b8      0x2ac modules/nrf/subsys/net/lib/nrf_cloud/lib..__nrf__subsys__net__lib__nrf_cloud.a(nrf_cloud_transport.c.obj)
 .text.nct_mqtt_connect
                0x0002a464       0xe0 modules/nrf/subsys/net/lib/nrf_cloud/lib..__nrf__subsys__net__lib__nrf_cloud.a(nrf_cloud_transport.c.obj)
                0x0002a464                nct_mqtt_connect
 .text.nct_init
                0x0002a544      0x2a8 modules/nrf/subsys/net/lib/nrf_cloud/lib..__nrf__subsys__net__lib__nrf_cloud.a(nrf_cloud_transport.c.obj)
                0x0002a544                nct_init
 .text.nct_connect
                0x0002a7ec      0x170 modules/nrf/subsys/net/lib/nrf_cloud/lib..__nrf__subsys__net__lib__nrf_cloud.a(nrf_cloud_transport.c.obj)
                0x0002a7ec                nct_connect
 .text.nct_cc_connect
                0x0002a95c       0x54 modules/nrf/subsys/net/lib/nrf_cloud/lib..__nrf__subsys__net__lib__nrf_cloud.a(nrf_cloud_transport.c.obj)
                0x0002a95c                nct_cc_connect
 .text.nct_cc_send
                0x0002a9b0       0xfc modules/nrf/subsys/net/lib/nrf_cloud/lib..__nrf__subsys__net__lib__nrf_cloud.a(nrf_cloud_transport.c.obj)
                0x0002a9b0                nct_cc_send
 .text.nct_dc_endpoint_set
                0x0002aaac       0x68 modules/nrf/subsys/net/lib/nrf_cloud/lib..__nrf__subsys__net__lib__nrf_cloud.a(nrf_cloud_transport.c.obj)
                0x0002aaac                nct_dc_endpoint_set
 .text.nct_dc_endpoint_get
                0x0002ab14       0x64 modules/nrf/subsys/net/lib/nrf_cloud/lib..__nrf__subsys__net__lib__nrf_cloud.a(nrf_cloud_transport.c.obj)
                0x0002ab14                nct_dc_endpoint_get
 .text.nct_dc_connect
                0x0002ab78       0x64 modules/nrf/subsys/net/lib/nrf_cloud/lib..__nrf__subsys__net__lib__nrf_cloud.a(nrf_cloud_transport.c.obj)
                0x0002ab78                nct_dc_connect
 .text.nct_dc_disconnect
                0x0002abdc       0x54 modules/nrf/subsys/net/lib/nrf_cloud/lib..__nrf__subsys__net__lib__nrf_cloud.a(nrf_cloud_transport.c.obj)
                0x0002abdc                nct_dc_disconnect
 .text.nct_disconnect
                0x0002ac30       0x44 modules/nrf/subsys/net/lib/nrf_cloud/lib..__nrf__subsys__net__lib__nrf_cloud.a(nrf_cloud_transport.c.obj)
                0x0002ac30                nct_disconnect
 .text.nct_process
                0x0002ac74       0x18 modules/nrf/subsys/net/lib/nrf_cloud/lib..__nrf__subsys__net__lib__nrf_cloud.a(nrf_cloud_transport.c.obj)
                0x0002ac74                nct_process
 .text.nct_keepalive_time_left
                0x0002ac8c        0xc modules/nrf/subsys/net/lib/nrf_cloud/lib..__nrf__subsys__net__lib__nrf_cloud.a(nrf_cloud_transport.c.obj)
                0x0002ac8c                nct_keepalive_time_left
 .text.nct_socket_get
                0x0002ac98        0xc modules/nrf/subsys/net/lib/nrf_cloud/lib..__nrf__subsys__net__lib__nrf_cloud.a(nrf_cloud_transport.c.obj)
                0x0002ac98                nct_socket_get
 .text.fragment_evt_send
                0x0002aca4       0x94 modules/nrf/subsys/net/lib/download_client/lib..__nrf__subsys__net__lib__download_client.a(download_client.c.obj)
 .text.setsockopt
                0x0002ad38       0x70 modules/nrf/subsys/net/lib/download_client/lib..__nrf__subsys__net__lib__download_client.a(download_client.c.obj)
 .text.close    0x0002ada8       0x58 modules/nrf/subsys/net/lib/download_client/lib..__nrf__subsys__net__lib__download_client.a(download_client.c.obj)
 .text.get_request_send
                0x0002ae00      0x198 modules/nrf/subsys/net/lib/download_client/lib..__nrf__subsys__net__lib__download_client.a(download_client.c.obj)
 .text.download_client_init
                0x0002af98       0x50 modules/nrf/subsys/net/lib/download_client/lib..__nrf__subsys__net__lib__download_client.a(download_client.c.obj)
                0x0002af98                download_client_init
 .text.download_client_connect
                0x0002afe8      0x39c modules/nrf/subsys/net/lib/download_client/lib..__nrf__subsys__net__lib__download_client.a(download_client.c.obj)
                0x0002afe8                download_client_connect
 .text.download_client_disconnect
                0x0002b384       0x5c modules/nrf/subsys/net/lib/download_client/lib..__nrf__subsys__net__lib__download_client.a(download_client.c.obj)
                0x0002b384                download_client_disconnect
 .text.reconnect
                0x0002b3e0       0x4c modules/nrf/subsys/net/lib/download_client/lib..__nrf__subsys__net__lib__download_client.a(download_client.c.obj)
 .text.download_thread
                0x0002b42c      0x418 modules/nrf/subsys/net/lib/download_client/lib..__nrf__subsys__net__lib__download_client.a(download_client.c.obj)
                0x0002b42c                download_thread
 .text.download_client_start
                0x0002b844       0x80 modules/nrf/subsys/net/lib/download_client/lib..__nrf__subsys__net__lib__download_client.a(download_client.c.obj)
                0x0002b844                download_client_start
 .text.download_with_offset
                0x0002b8c4       0x70 modules/nrf/subsys/net/lib/fota_download/lib..__nrf__subsys__net__lib__fota_download.a(fota_download.c.obj)
 .text.send_evt
                0x0002b934       0x20 modules/nrf/subsys/net/lib/fota_download/lib..__nrf__subsys__net__lib__fota_download.a(fota_download.c.obj)
 .text.download_client_callback
                0x0002b954      0x238 modules/nrf/subsys/net/lib/fota_download/lib..__nrf__subsys__net__lib__fota_download.a(fota_download.c.obj)
 .text.fota_download_start
                0x0002bb8c       0x5c modules/nrf/subsys/net/lib/fota_download/lib..__nrf__subsys__net__lib__fota_download.a(fota_download.c.obj)
                0x0002bb8c                fota_download_start
 .text.fota_download_init
                0x0002bbe8       0x38 modules/nrf/subsys/net/lib/fota_download/lib..__nrf__subsys__net__lib__fota_download.a(fota_download.c.obj)
                0x0002bbe8                fota_download_init
 .text.construct_topic
                0x0002bc20       0xf0 modules/nrf/subsys/net/lib/aws_jobs/lib..__nrf__subsys__net__lib__aws_jobs.a(aws_jobs.c.obj)
 .text.reg_topic
                0x0002bd10       0x98 modules/nrf/subsys/net/lib/aws_jobs/lib..__nrf__subsys__net__lib__aws_jobs.a(aws_jobs.c.obj)
 .text.publish  0x0002bda8       0xa8 modules/nrf/subsys/net/lib/aws_jobs/lib..__nrf__subsys__net__lib__aws_jobs.a(aws_jobs.c.obj)
 .text.aws_jobs_subscribe_topic_notify_next
                0x0002be50       0x1c modules/nrf/subsys/net/lib/aws_jobs/lib..__nrf__subsys__net__lib__aws_jobs.a(aws_jobs.c.obj)
                0x0002be50                aws_jobs_subscribe_topic_notify_next
 .text.aws_jobs_subscribe_topic_get
                0x0002be6c       0x1c modules/nrf/subsys/net/lib/aws_jobs/lib..__nrf__subsys__net__lib__aws_jobs.a(aws_jobs.c.obj)
                0x0002be6c                aws_jobs_subscribe_topic_get
 .text.aws_jobs_subscribe_topic_update
                0x0002be88       0x1c modules/nrf/subsys/net/lib/aws_jobs/lib..__nrf__subsys__net__lib__aws_jobs.a(aws_jobs.c.obj)
                0x0002be88                aws_jobs_subscribe_topic_update
 .text.aws_jobs_update_job_execution
                0x0002bea4       0xc4 modules/nrf/subsys/net/lib/aws_jobs/lib..__nrf__subsys__net__lib__aws_jobs.a(aws_jobs.c.obj)
                0x0002bea4                aws_jobs_update_job_execution
 .text.aws_jobs_get_job_execution
                0x0002bf68       0x2c modules/nrf/subsys/net/lib/aws_jobs/lib..__nrf__subsys__net__lib__aws_jobs.a(aws_jobs.c.obj)
                0x0002bf68                aws_jobs_get_job_execution
 .text.update_job_execution.constprop.0
                0x0002bf94      0x120 modules/nrf/subsys/net/lib/aws_fota/lib..__nrf__subsys__net__lib__aws_fota.a(aws_fota.c.obj)
 .text.http_fota_handler
                0x0002c0b4       0xfc modules/nrf/subsys/net/lib/aws_fota/lib..__nrf__subsys__net__lib__aws_fota.a(aws_fota.c.obj)
 .text.get_published_payload.constprop.1
                0x0002c1b0       0x40 modules/nrf/subsys/net/lib/aws_fota/lib..__nrf__subsys__net__lib__aws_fota.a(aws_fota.c.obj)
 .text.aws_fota_mqtt_evt_handler
                0x0002c1f0      0x5c4 modules/nrf/subsys/net/lib/aws_fota/lib..__nrf__subsys__net__lib__aws_fota.a(aws_fota.c.obj)
                0x0002c1f0                aws_fota_mqtt_evt_handler
 .text.aws_fota_init
                0x0002c7b4       0x58 modules/nrf/subsys/net/lib/aws_fota/lib..__nrf__subsys__net__lib__aws_fota.a(aws_fota.c.obj)
                0x0002c7b4                aws_fota_init
 .text.aws_fota_parse_DescribeJobExecution_rsp
                0x0002c80c      0x100 modules/nrf/subsys/net/lib/aws_fota/lib..__nrf__subsys__net__lib__aws_fota.a(aws_fota_json.c.obj)
                0x0002c80c                aws_fota_parse_DescribeJobExecution_rsp
 .text.dfu_target_img_type
                0x0002c90c       0x50 modules/nrf/subsys/dfu/lib..__nrf__subsys__dfu.a(dfu_target.c.obj)
                0x0002c90c                dfu_target_img_type
 .text.dfu_target_init
                0x0002c95c       0x6c modules/nrf/subsys/dfu/lib..__nrf__subsys__dfu.a(dfu_target.c.obj)
                0x0002c95c                dfu_target_init
 .text.dfu_target_offset_get
                0x0002c9c8       0x14 modules/nrf/subsys/dfu/lib..__nrf__subsys__dfu.a(dfu_target.c.obj)
                0x0002c9c8                dfu_target_offset_get
 .text.dfu_target_write
                0x0002c9dc       0x18 modules/nrf/subsys/dfu/lib..__nrf__subsys__dfu.a(dfu_target.c.obj)
                0x0002c9dc                dfu_target_write
 .text.dfu_target_done
                0x0002c9f4       0x50 modules/nrf/subsys/dfu/lib..__nrf__subsys__dfu.a(dfu_target.c.obj)
                0x0002c9f4                dfu_target_done
 .text.getsockopt.constprop.2
                0x0002ca44       0x70 modules/nrf/subsys/dfu/lib..__nrf__subsys__dfu.a(dfu_target_modem.c.obj)
 .text.get_modem_error
                0x0002cab4       0x54 modules/nrf/subsys/dfu/lib..__nrf__subsys__dfu.a(dfu_target_modem.c.obj)
 .text.setsockopt.constprop.3
                0x0002cb08       0x70 modules/nrf/subsys/dfu/lib..__nrf__subsys__dfu.a(dfu_target_modem.c.obj)
 .text.delete_banked_modem_fw
                0x0002cb78      0x108 modules/nrf/subsys/dfu/lib..__nrf__subsys__dfu.a(dfu_target_modem.c.obj)
 .text.dfu_target_modem_identify
                0x0002cc80       0x10 modules/nrf/subsys/dfu/lib..__nrf__subsys__dfu.a(dfu_target_modem.c.obj)
                0x0002cc80                dfu_target_modem_identify
 .text.dfu_target_modem_init
                0x0002cc90      0x24c modules/nrf/subsys/dfu/lib..__nrf__subsys__dfu.a(dfu_target_modem.c.obj)
                0x0002cc90                dfu_target_modem_init
 .text.dfu_target_modem_offset_get
                0x0002cedc       0x10 modules/nrf/subsys/dfu/lib..__nrf__subsys__dfu.a(dfu_target_modem.c.obj)
                0x0002cedc                dfu_target_modem_offset_get
 .text.dfu_target_modem_write
                0x0002ceec       0xf0 modules/nrf/subsys/dfu/lib..__nrf__subsys__dfu.a(dfu_target_modem.c.obj)
                0x0002ceec                dfu_target_modem_write
 .text.dfu_target_modem_done
                0x0002cfdc      0x114 modules/nrf/subsys/dfu/lib..__nrf__subsys__dfu.a(dfu_target_modem.c.obj)
                0x0002cfdc                dfu_target_modem_done
 .text.reset_flash_context
                0x0002d0f0       0x3c modules/nrf/subsys/dfu/lib..__nrf__subsys__dfu.a(dfu_target_mcuboot.c.obj)
 .text.dfu_target_mcuboot_identify
                0x0002d12c       0x10 modules/nrf/subsys/dfu/lib..__nrf__subsys__dfu.a(dfu_target_mcuboot.c.obj)
                0x0002d12c                dfu_target_mcuboot_identify
 .text.dfu_target_mcuboot_init
                0x0002d13c       0x74 modules/nrf/subsys/dfu/lib..__nrf__subsys__dfu.a(dfu_target_mcuboot.c.obj)
                0x0002d13c                dfu_target_mcuboot_init
 .text.dfu_target_mcuboot_offset_get
                0x0002d1b0       0x14 modules/nrf/subsys/dfu/lib..__nrf__subsys__dfu.a(dfu_target_mcuboot.c.obj)
                0x0002d1b0                dfu_target_mcuboot_offset_get
 .text.dfu_target_mcuboot_write
                0x0002d1c4       0x44 modules/nrf/subsys/dfu/lib..__nrf__subsys__dfu.a(dfu_target_mcuboot.c.obj)
                0x0002d1c4                dfu_target_mcuboot_write
 .text.dfu_target_mcuboot_done
                0x0002d208       0xa0 modules/nrf/subsys/dfu/lib..__nrf__subsys__dfu.a(dfu_target_mcuboot.c.obj)
                0x0002d208                dfu_target_mcuboot_done
 .text.check_ext_api_requests
                0x0002d2a8       0x9c modules/nrf/subsys/fw_info/lib..__nrf__subsys__fw_info.a(fw_info.c.obj)
 .text.sensor_sim_channel_get
                0x0002d344       0x80 modules/nrf/drivers/sensor/sensor_sim/lib..__nrf__drivers__sensor__sensor_sim.a(sensor_sim.c.obj)
 .text.sensor_sim_trigger_set
                0x0002d3c4       0x44 modules/nrf/drivers/sensor/sensor_sim/lib..__nrf__drivers__sensor__sensor_sim.a(sensor_sim.c.obj)
 .text.generate_sine.constprop.2
                0x0002d408       0x3c modules/nrf/drivers/sensor/sensor_sim/lib..__nrf__drivers__sensor__sensor_sim.a(sensor_sim.c.obj)
 .text.sensor_sim_init
                0x0002d444       0x3c modules/nrf/drivers/sensor/sensor_sim/lib..__nrf__drivers__sensor__sensor_sim.a(sensor_sim.c.obj)
 .text.start    0x0002d480      0x418 modules/nrf/drivers/gps/nrf9160_gps/lib..__nrf__drivers__gps__nrf9160_gps.a(nrf9160_gps.c.obj)
 .text.channel_get
                0x0002d898       0x44 modules/nrf/drivers/gps/nrf9160_gps/lib..__nrf__drivers__gps__nrf9160_gps.a(nrf9160_gps.c.obj)
 .text.trigger_set
                0x0002d8dc       0x5c modules/nrf/drivers/gps/nrf9160_gps/lib..__nrf__drivers__gps__nrf9160_gps.a(nrf9160_gps.c.obj)
 .text.gps_thread
                0x0002d938      0x458 modules/nrf/drivers/gps/nrf9160_gps/lib..__nrf__drivers__gps__nrf9160_gps.a(nrf9160_gps.c.obj)
 .text.stop     0x0002dd90       0x78 modules/nrf/drivers/gps/nrf9160_gps/lib..__nrf__drivers__gps__nrf9160_gps.a(nrf9160_gps.c.obj)
 .text.init     0x0002de08      0x11c modules/nrf/drivers/gps/nrf9160_gps/lib..__nrf__drivers__gps__nrf9160_gps.a(nrf9160_gps.c.obj)
 .text.rpc_logobj_client_evt_handler
                0x0002df24       0x10 C:/GitHub/NRF91/ncs/nrfxlib/bsdlib/lib/cortex-m33/hard-float/libbsd_nrf9160_xxaa.a(rpc_logobj_client.c.o)
 .text.rpc_logobj_client_init
                0x0002df34        0xc C:/GitHub/NRF91/ncs/nrfxlib/bsdlib/lib/cortex-m33/hard-float/libbsd_nrf9160_xxaa.a(rpc_logobj_client.c.o)
                0x0002df34                rpc_logobj_client_init
 .text.rpc_logobj_client_request_alloc
                0x0002df40       0x30 C:/GitHub/NRF91/ncs/nrfxlib/bsdlib/lib/cortex-m33/hard-float/libbsd_nrf9160_xxaa.a(rpc_logobj_client.c.o)
                0x0002df40                rpc_logobj_client_request_alloc
 .text.rpc_logobj_client_request_send
                0x0002df70       0x2c C:/GitHub/NRF91/ncs/nrfxlib/bsdlib/lib/cortex-m33/hard-float/libbsd_nrf9160_xxaa.a(rpc_logobj_client.c.o)
                0x0002df70                rpc_logobj_client_request_send
 .text.rpc_logobj_client_message_free
                0x0002df9c       0x10 C:/GitHub/NRF91/ncs/nrfxlib/bsdlib/lib/cortex-m33/hard-float/libbsd_nrf9160_xxaa.a(rpc_logobj_client.c.o)
                0x0002df9c                rpc_logobj_client_message_free
 .text.rpc_logobj_client_data_free
                0x0002dfac       0x10 C:/GitHub/NRF91/ncs/nrfxlib/bsdlib/lib/cortex-m33/hard-float/libbsd_nrf9160_xxaa.a(rpc_logobj_client.c.o)
                0x0002dfac                rpc_logobj_client_data_free
 .text.packet_free_cb
                0x0002dfbc       0x18 C:/GitHub/NRF91/ncs/nrfxlib/bsdlib/lib/cortex-m33/hard-float/libbsd_nrf9160_xxaa.a(logobj_interface.c.o)
 .text.logobj_event_handler
                0x0002dfd4       0xfc C:/GitHub/NRF91/ncs/nrfxlib/bsdlib/lib/cortex-m33/hard-float/libbsd_nrf9160_xxaa.a(logobj_interface.c.o)
                0x0002dfd4                logobj_event_handler
 .text.logobj_interface_init
                0x0002e0d0       0x34 C:/GitHub/NRF91/ncs/nrfxlib/bsdlib/lib/cortex-m33/hard-float/libbsd_nrf9160_xxaa.a(logobj_interface.c.o)
                0x0002e0d0                logobj_interface_init
 .text.logobj_interface_open
                0x0002e104      0x150 C:/GitHub/NRF91/ncs/nrfxlib/bsdlib/lib/cortex-m33/hard-float/libbsd_nrf9160_xxaa.a(logobj_interface.c.o)
                0x0002e104                logobj_interface_open
 .text.logobj_interface_read
                0x0002e254       0xe0 C:/GitHub/NRF91/ncs/nrfxlib/bsdlib/lib/cortex-m33/hard-float/libbsd_nrf9160_xxaa.a(logobj_interface.c.o)
                0x0002e254                logobj_interface_read
 .text.logobj_interface_write
                0x0002e334       0xfc C:/GitHub/NRF91/ncs/nrfxlib/bsdlib/lib/cortex-m33/hard-float/libbsd_nrf9160_xxaa.a(logobj_interface.c.o)
                0x0002e334                logobj_interface_write
 .text.logobj_interface_setopt
                0x0002e430      0x19c C:/GitHub/NRF91/ncs/nrfxlib/bsdlib/lib/cortex-m33/hard-float/libbsd_nrf9160_xxaa.a(logobj_interface.c.o)
                0x0002e430                logobj_interface_setopt
 .text.logobj_interface_getopt
                0x0002e5cc       0xa4 C:/GitHub/NRF91/ncs/nrfxlib/bsdlib/lib/cortex-m33/hard-float/libbsd_nrf9160_xxaa.a(logobj_interface.c.o)
                0x0002e5cc                logobj_interface_getopt
 .text.logobj_interface_close
                0x0002e670       0x2c C:/GitHub/NRF91/ncs/nrfxlib/bsdlib/lib/cortex-m33/hard-float/libbsd_nrf9160_xxaa.a(logobj_interface.c.o)
                0x0002e670                logobj_interface_close
 .text.packet_free_cb
                0x0002e69c        0x8 C:/GitHub/NRF91/ncs/nrfxlib/bsdlib/lib/cortex-m33/hard-float/libbsd_nrf9160_xxaa.a(at_interface.c.o)
 .text.at_interface_write
                0x0002e6a4       0xa8 C:/GitHub/NRF91/ncs/nrfxlib/bsdlib/lib/cortex-m33/hard-float/libbsd_nrf9160_xxaa.a(at_interface.c.o)
                0x0002e6a4                at_interface_write
 .text.at_interface_init
                0x0002e74c        0x4 C:/GitHub/NRF91/ncs/nrfxlib/bsdlib/lib/cortex-m33/hard-float/libbsd_nrf9160_xxaa.a(at_interface.c.o)
                0x0002e74c                at_interface_init
 .text.at_interface_open
                0x0002e750       0x94 C:/GitHub/NRF91/ncs/nrfxlib/bsdlib/lib/cortex-m33/hard-float/libbsd_nrf9160_xxaa.a(at_interface.c.o)
                0x0002e750                at_interface_open
 .text.at_interface_close
                0x0002e7e4       0x90 C:/GitHub/NRF91/ncs/nrfxlib/bsdlib/lib/cortex-m33/hard-float/libbsd_nrf9160_xxaa.a(at_interface.c.o)
                0x0002e7e4                at_interface_close
 .text.at_interface_read
                0x0002e874       0xb8 C:/GitHub/NRF91/ncs/nrfxlib/bsdlib/lib/cortex-m33/hard-float/libbsd_nrf9160_xxaa.a(at_interface.c.o)
                0x0002e874                at_interface_read
 .text.at_interface_getopt
                0x0002e92c        0x4 C:/GitHub/NRF91/ncs/nrfxlib/bsdlib/lib/cortex-m33/hard-float/libbsd_nrf9160_xxaa.a(at_interface.c.o)
                0x0002e92c                at_interface_getopt
 .text.at_interface_setopt
                0x0002e930        0x4 C:/GitHub/NRF91/ncs/nrfxlib/bsdlib/lib/cortex-m33/hard-float/libbsd_nrf9160_xxaa.a(at_interface.c.o)
                0x0002e930                at_interface_setopt
 .text.rpc_at_event_handler
                0x0002e934       0xa4 C:/GitHub/NRF91/ncs/nrfxlib/bsdlib/lib/cortex-m33/hard-float/libbsd_nrf9160_xxaa.a(at_interface.c.o)
                0x0002e934                rpc_at_event_handler
 .text.dfu_client_event_handler
                0x0002e9d8        0xc C:/GitHub/NRF91/ncs/nrfxlib/bsdlib/lib/cortex-m33/hard-float/libbsd_nrf9160_xxaa.a(rpc_dfu_client.c.o)
 .text.rpc_dfu_client_init
                0x0002e9e4        0xc C:/GitHub/NRF91/ncs/nrfxlib/bsdlib/lib/cortex-m33/hard-float/libbsd_nrf9160_xxaa.a(rpc_dfu_client.c.o)
                0x0002e9e4                rpc_dfu_client_init
 .text.rpc_dfu_client_request_alloc
                0x0002e9f0       0x28 C:/GitHub/NRF91/ncs/nrfxlib/bsdlib/lib/cortex-m33/hard-float/libbsd_nrf9160_xxaa.a(rpc_dfu_client.c.o)
                0x0002e9f0                rpc_dfu_client_request_alloc
 .text.rpc_dfu_client_request_send
                0x0002ea18       0x28 C:/GitHub/NRF91/ncs/nrfxlib/bsdlib/lib/cortex-m33/hard-float/libbsd_nrf9160_xxaa.a(rpc_dfu_client.c.o)
                0x0002ea18                rpc_dfu_client_request_send
 .text.rpc_dfu_client_message_free
                0x0002ea40       0x10 C:/GitHub/NRF91/ncs/nrfxlib/bsdlib/lib/cortex-m33/hard-float/libbsd_nrf9160_xxaa.a(rpc_dfu_client.c.o)
                0x0002ea40                rpc_dfu_client_message_free
 .text.rpc_dfu_client_data_free
                0x0002ea50       0x10 C:/GitHub/NRF91/ncs/nrfxlib/bsdlib/lib/cortex-m33/hard-float/libbsd_nrf9160_xxaa.a(rpc_dfu_client.c.o)
                0x0002ea50                rpc_dfu_client_data_free
 .text.mem_free
                0x0002ea60       0xd8 C:/GitHub/NRF91/ncs/nrfxlib/bsdlib/lib/cortex-m33/hard-float/libbsd_nrf9160_xxaa.a(mem_manager.c.o)
 .text.mem_alloc.constprop.5
                0x0002eb38      0x1c8 C:/GitHub/NRF91/ncs/nrfxlib/bsdlib/lib/cortex-m33/hard-float/libbsd_nrf9160_xxaa.a(mem_manager.c.o)
 .text.mem_alloc.constprop.4
                0x0002ed00      0x1c0 C:/GitHub/NRF91/ncs/nrfxlib/bsdlib/lib/cortex-m33/hard-float/libbsd_nrf9160_xxaa.a(mem_manager.c.o)
 .text.nrf_mem_init
                0x0002eec0       0xe8 C:/GitHub/NRF91/ncs/nrfxlib/bsdlib/lib/cortex-m33/hard-float/libbsd_nrf9160_xxaa.a(mem_manager.c.o)
                0x0002eec0                nrf_mem_init
 .text.nrf_mem_register
                0x0002efa8      0x234 C:/GitHub/NRF91/ncs/nrfxlib/bsdlib/lib/cortex-m33/hard-float/libbsd_nrf9160_xxaa.a(mem_manager.c.o)
                0x0002efa8                nrf_mem_register
 .text.nrf_malloc
                0x0002f1dc       0x14 C:/GitHub/NRF91/ncs/nrfxlib/bsdlib/lib/cortex-m33/hard-float/libbsd_nrf9160_xxaa.a(mem_manager.c.o)
                0x0002f1dc                nrf_malloc
 .text.nrf_free
                0x0002f1f0       0x18 C:/GitHub/NRF91/ncs/nrfxlib/bsdlib/lib/cortex-m33/hard-float/libbsd_nrf9160_xxaa.a(mem_manager.c.o)
                0x0002f1f0                nrf_free
 .text.nrf_shared_malloc
                0x0002f208       0x14 C:/GitHub/NRF91/ncs/nrfxlib/bsdlib/lib/cortex-m33/hard-float/libbsd_nrf9160_xxaa.a(mem_manager.c.o)
                0x0002f208                nrf_shared_malloc
 .text.nrf_shared_free
                0x0002f21c       0x18 C:/GitHub/NRF91/ncs/nrfxlib/bsdlib/lib/cortex-m33/hard-float/libbsd_nrf9160_xxaa.a(mem_manager.c.o)
                0x0002f21c                nrf_shared_free
 .text.ip_client_event_handler
                0x0002f234        0xc C:/GitHub/NRF91/ncs/nrfxlib/bsdlib/lib/cortex-m33/hard-float/libbsd_nrf9160_xxaa.a(rpc_ip_client.c.o)
 .text.rpc_ip_client_init
                0x0002f240        0xc C:/GitHub/NRF91/ncs/nrfxlib/bsdlib/lib/cortex-m33/hard-float/libbsd_nrf9160_xxaa.a(rpc_ip_client.c.o)
                0x0002f240                rpc_ip_client_init
 .text.rpc_ip_client_request_alloc
                0x0002f24c       0x28 C:/GitHub/NRF91/ncs/nrfxlib/bsdlib/lib/cortex-m33/hard-float/libbsd_nrf9160_xxaa.a(rpc_ip_client.c.o)
                0x0002f24c                rpc_ip_client_request_alloc
 .text.rpc_ip_client_request_send
                0x0002f274       0x2c C:/GitHub/NRF91/ncs/nrfxlib/bsdlib/lib/cortex-m33/hard-float/libbsd_nrf9160_xxaa.a(rpc_ip_client.c.o)
                0x0002f274                rpc_ip_client_request_send
 .text.rpc_ip_client_message_free
                0x0002f2a0       0x10 C:/GitHub/NRF91/ncs/nrfxlib/bsdlib/lib/cortex-m33/hard-float/libbsd_nrf9160_xxaa.a(rpc_ip_client.c.o)
                0x0002f2a0                rpc_ip_client_message_free
 .text.rpc_ip_client_data_free
                0x0002f2b0       0x10 C:/GitHub/NRF91/ncs/nrfxlib/bsdlib/lib/cortex-m33/hard-float/libbsd_nrf9160_xxaa.a(rpc_ip_client.c.o)
                0x0002f2b0                rpc_ip_client_data_free
 .text.secure_client_socket
                0x0002f2c0      0x12c C:/GitHub/NRF91/ncs/nrfxlib/bsdlib/lib/cortex-m33/hard-float/libbsd_nrf9160_xxaa.a(tls_interface.c.o)
 .text.tls_interface_init
                0x0002f3ec        0x4 C:/GitHub/NRF91/ncs/nrfxlib/bsdlib/lib/cortex-m33/hard-float/libbsd_nrf9160_xxaa.a(tls_interface.c.o)
                0x0002f3ec                tls_interface_init
 .text.tls_interface_open
                0x0002f3f0       0x98 C:/GitHub/NRF91/ncs/nrfxlib/bsdlib/lib/cortex-m33/hard-float/libbsd_nrf9160_xxaa.a(tls_interface.c.o)
                0x0002f3f0                tls_interface_open
 .text.tls_interface_close
                0x0002f488       0x3c C:/GitHub/NRF91/ncs/nrfxlib/bsdlib/lib/cortex-m33/hard-float/libbsd_nrf9160_xxaa.a(tls_interface.c.o)
                0x0002f488                tls_interface_close
 .text.tls_interface_sendto
                0x0002f4c4       0xb0 C:/GitHub/NRF91/ncs/nrfxlib/bsdlib/lib/cortex-m33/hard-float/libbsd_nrf9160_xxaa.a(tls_interface.c.o)
                0x0002f4c4                tls_interface_sendto
 .text.tls_interface_recvfrom
                0x0002f574       0x94 C:/GitHub/NRF91/ncs/nrfxlib/bsdlib/lib/cortex-m33/hard-float/libbsd_nrf9160_xxaa.a(tls_interface.c.o)
                0x0002f574                tls_interface_recvfrom
 .text.tls_interface_bind
                0x0002f608       0xfc C:/GitHub/NRF91/ncs/nrfxlib/bsdlib/lib/cortex-m33/hard-float/libbsd_nrf9160_xxaa.a(tls_interface.c.o)
                0x0002f608                tls_interface_bind
 .text.tls_interface_connect
                0x0002f704       0x60 C:/GitHub/NRF91/ncs/nrfxlib/bsdlib/lib/cortex-m33/hard-float/libbsd_nrf9160_xxaa.a(tls_interface.c.o)
                0x0002f704                tls_interface_connect
 .text.tls_interface_listen
                0x0002f764      0x114 C:/GitHub/NRF91/ncs/nrfxlib/bsdlib/lib/cortex-m33/hard-float/libbsd_nrf9160_xxaa.a(tls_interface.c.o)
                0x0002f764                tls_interface_listen
 .text.tls_interface_accept
                0x0002f878       0xa0 C:/GitHub/NRF91/ncs/nrfxlib/bsdlib/lib/cortex-m33/hard-float/libbsd_nrf9160_xxaa.a(tls_interface.c.o)
                0x0002f878                tls_interface_accept
 .text.tls_interface_setopt
                0x0002f918      0x148 C:/GitHub/NRF91/ncs/nrfxlib/bsdlib/lib/cortex-m33/hard-float/libbsd_nrf9160_xxaa.a(tls_interface.c.o)
                0x0002f918                tls_interface_setopt
 .text.tls_interface_getopt
                0x0002fa60       0xd4 C:/GitHub/NRF91/ncs/nrfxlib/bsdlib/lib/cortex-m33/hard-float/libbsd_nrf9160_xxaa.a(tls_interface.c.o)
                0x0002fa60                tls_interface_getopt
 .text.tls_rpc_ip_event_handler
                0x0002fb34      0x10c C:/GitHub/NRF91/ncs/nrfxlib/bsdlib/lib/cortex-m33/hard-float/libbsd_nrf9160_xxaa.a(tls_interface.c.o)
                0x0002fb34                tls_rpc_ip_event_handler
 .text.rpc_dfu_event_handler
                0x0002fc40       0x2c C:/GitHub/NRF91/ncs/nrfxlib/bsdlib/lib/cortex-m33/hard-float/libbsd_nrf9160_xxaa.a(mfu_interface.c.o)
                0x0002fc40                rpc_dfu_event_handler
 .text.mfu_interface_init
                0x0002fc6c       0x38 C:/GitHub/NRF91/ncs/nrfxlib/bsdlib/lib/cortex-m33/hard-float/libbsd_nrf9160_xxaa.a(mfu_interface.c.o)
                0x0002fc6c                mfu_interface_init
 .text.mfu_interface_open
                0x0002fca4       0x3c C:/GitHub/NRF91/ncs/nrfxlib/bsdlib/lib/cortex-m33/hard-float/libbsd_nrf9160_xxaa.a(mfu_interface.c.o)
                0x0002fca4                mfu_interface_open
 .text.mfu_interface_close
                0x0002fce0       0xdc C:/GitHub/NRF91/ncs/nrfxlib/bsdlib/lib/cortex-m33/hard-float/libbsd_nrf9160_xxaa.a(mfu_interface.c.o)
                0x0002fce0                mfu_interface_close
 .text.mfu_interface_sendto
                0x0002fdbc      0x184 C:/GitHub/NRF91/ncs/nrfxlib/bsdlib/lib/cortex-m33/hard-float/libbsd_nrf9160_xxaa.a(mfu_interface.c.o)
                0x0002fdbc                mfu_interface_sendto
 .text.mfu_interface_setopt
                0x0002ff40      0x130 C:/GitHub/NRF91/ncs/nrfxlib/bsdlib/lib/cortex-m33/hard-float/libbsd_nrf9160_xxaa.a(mfu_interface.c.o)
                0x0002ff40                mfu_interface_setopt
 .text.mfu_interface_getopt
                0x00030070      0x1b0 C:/GitHub/NRF91/ncs/nrfxlib/bsdlib/lib/cortex-m33/hard-float/libbsd_nrf9160_xxaa.a(mfu_interface.c.o)
                0x00030070                mfu_interface_getopt
 .text.bsd_platform_error_handler
                0x00030220        0x8 C:/GitHub/NRF91/ncs/nrfxlib/bsdlib/lib/cortex-m33/hard-float/libbsd_nrf9160_xxaa.a(bsd.c.o)
                0x00030220                bsd_platform_error_handler
 .text.bsd_init
                0x00030228       0x20 C:/GitHub/NRF91/ncs/nrfxlib/bsdlib/lib/cortex-m33/hard-float/libbsd_nrf9160_xxaa.a(bsd.c.o)
                0x00030228                bsd_init
 .text.bsd_shutdown
                0x00030248       0x1c C:/GitHub/NRF91/ncs/nrfxlib/bsdlib/lib/cortex-m33/hard-float/libbsd_nrf9160_xxaa.a(bsd.c.o)
                0x00030248                bsd_shutdown
 .text.unimplemented_method
                0x00030264       0x18 C:/GitHub/NRF91/ncs/nrfxlib/bsdlib/lib/cortex-m33/hard-float/libbsd_nrf9160_xxaa.a(bsd_platform.c.o)
 .text.rpc_transport_ipc_fault_handler
                0x0003027c        0x4 C:/GitHub/NRF91/ncs/nrfxlib/bsdlib/lib/cortex-m33/hard-float/libbsd_nrf9160_xxaa.a(bsd_platform.c.o)
                0x0003027c                rpc_transport_ipc_fault_handler
 .text.bsd_platform_init
                0x00030280       0xcc C:/GitHub/NRF91/ncs/nrfxlib/bsdlib/lib/cortex-m33/hard-float/libbsd_nrf9160_xxaa.a(bsd_platform.c.o)
                0x00030280                bsd_platform_init
 .text.bsd_platform_shutdown
                0x0003034c       0x10 C:/GitHub/NRF91/ncs/nrfxlib/bsdlib/lib/cortex-m33/hard-float/libbsd_nrf9160_xxaa.a(bsd_platform.c.o)
                0x0003034c                bsd_platform_shutdown
 .text.bsd_platform_af_method_table_get
                0x0003035c       0xa8 C:/GitHub/NRF91/ncs/nrfxlib/bsdlib/lib/cortex-m33/hard-float/libbsd_nrf9160_xxaa.a(bsd_platform.c.o)
                0x0003035c                bsd_platform_af_method_table_get
 .text.bsd_platform_fd_method_table_get
                0x00030404       0xe0 C:/GitHub/NRF91/ncs/nrfxlib/bsdlib/lib/cortex-m33/hard-float/libbsd_nrf9160_xxaa.a(bsd_platform.c.o)
                0x00030404                bsd_platform_fd_method_table_get
 .text.bsd_platform_getaddrinfo
                0x000304e4        0x4 C:/GitHub/NRF91/ncs/nrfxlib/bsdlib/lib/cortex-m33/hard-float/libbsd_nrf9160_xxaa.a(bsd_platform_util.c.o)
                0x000304e4                bsd_platform_getaddrinfo
 .text.bsd_platform_freeaddrinfo
                0x000304e8        0x4 C:/GitHub/NRF91/ncs/nrfxlib/bsdlib/lib/cortex-m33/hard-float/libbsd_nrf9160_xxaa.a(bsd_platform_util.c.o)
                0x000304e8                bsd_platform_freeaddrinfo
 .text.bsd_platform_poll
                0x000304ec       0xb4 C:/GitHub/NRF91/ncs/nrfxlib/bsdlib/lib/cortex-m33/hard-float/libbsd_nrf9160_xxaa.a(bsd_platform_util.c.o)
                0x000304ec                bsd_platform_poll
 .text.bsd_platform_fcntl
                0x000305a0       0x20 C:/GitHub/NRF91/ncs/nrfxlib/bsdlib/lib/cortex-m33/hard-float/libbsd_nrf9160_xxaa.a(bsd_platform_util.c.o)
                0x000305a0                bsd_platform_fcntl
 .text.ipc_trace_init
                0x000305c0        0xc C:/GitHub/NRF91/ncs/nrfxlib/bsdlib/lib/cortex-m33/hard-float/libbsd_nrf9160_xxaa.a(ipc_trace.c.o)
                0x000305c0                ipc_trace_init
 .text.bsd_os_trace_irq_handler
                0x000305cc      0x1c4 C:/GitHub/NRF91/ncs/nrfxlib/bsdlib/lib/cortex-m33/hard-float/libbsd_nrf9160_xxaa.a(ipc_trace.c.o)
                0x000305cc                bsd_os_trace_irq_handler
 .text.ipc_trace_handle
                0x00030790      0x2dc C:/GitHub/NRF91/ncs/nrfxlib/bsdlib/lib/cortex-m33/hard-float/libbsd_nrf9160_xxaa.a(ipc_trace.c.o)
                0x00030790                ipc_trace_handle
 .text.rpc_trace_coredump_in_progress
                0x00030a6c        0xc C:/GitHub/NRF91/ncs/nrfxlib/bsdlib/lib/cortex-m33/hard-float/libbsd_nrf9160_xxaa.a(ipc_trace.c.o)
                0x00030a6c                rpc_trace_coredump_in_progress
 .text.transport_reset
                0x00030a78        0x4 C:/GitHub/NRF91/ncs/nrfxlib/bsdlib/lib/cortex-m33/hard-float/libbsd_nrf9160_xxaa.a(rpc_transport_ipc.c.o)
 .text.transport_data_free
                0x00030a7c       0x38 C:/GitHub/NRF91/ncs/nrfxlib/bsdlib/lib/cortex-m33/hard-float/libbsd_nrf9160_xxaa.a(rpc_transport_ipc.c.o)
 .text.rpc_transport_ipc_init
                0x00030ab4       0x84 C:/GitHub/NRF91/ncs/nrfxlib/bsdlib/lib/cortex-m33/hard-float/libbsd_nrf9160_xxaa.a(rpc_transport_ipc.c.o)
                0x00030ab4                rpc_transport_ipc_init
 .text.rpc_transport_rx_handle
                0x00030b38       0x44 C:/GitHub/NRF91/ncs/nrfxlib/bsdlib/lib/cortex-m33/hard-float/libbsd_nrf9160_xxaa.a(rpc_transport_ipc.c.o)
                0x00030b38                rpc_transport_rx_handle
 .text.rpc_transport_ipc_shutdown
                0x00030b7c       0x18 C:/GitHub/NRF91/ncs/nrfxlib/bsdlib/lib/cortex-m33/hard-float/libbsd_nrf9160_xxaa.a(rpc_transport_ipc.c.o)
                0x00030b7c                rpc_transport_ipc_shutdown
 .text.rpc_transport_ipc_rx_init
                0x00030b94      0x240 C:/GitHub/NRF91/ncs/nrfxlib/bsdlib/lib/cortex-m33/hard-float/libbsd_nrf9160_xxaa.a(rpc_transport_ipc_rx.c.o)
                0x00030b94                rpc_transport_ipc_rx_init
 .text.IPC_IRQHandler
                0x00030dd4      0x3dc C:/GitHub/NRF91/ncs/nrfxlib/bsdlib/lib/cortex-m33/hard-float/libbsd_nrf9160_xxaa.a(rpc_transport_ipc_rx.c.o)
                0x00030dd4                IPC_IRQHandler
 .text.rpc_transport_msg_free
                0x000311b0       0x6c C:/GitHub/NRF91/ncs/nrfxlib/bsdlib/lib/cortex-m33/hard-float/libbsd_nrf9160_xxaa.a(rpc_transport_ipc_rx.c.o)
                0x000311b0                rpc_transport_msg_free
 .text.rpc_transport_ipc_rx_suspend
                0x0003121c       0x40 C:/GitHub/NRF91/ncs/nrfxlib/bsdlib/lib/cortex-m33/hard-float/libbsd_nrf9160_xxaa.a(rpc_transport_ipc_rx.c.o)
                0x0003121c                rpc_transport_ipc_rx_suspend
 .text.rpc_transport_ipc_rx_shutdown
                0x0003125c       0xec C:/GitHub/NRF91/ncs/nrfxlib/bsdlib/lib/cortex-m33/hard-float/libbsd_nrf9160_xxaa.a(rpc_transport_ipc_rx.c.o)
                0x0003125c                rpc_transport_ipc_rx_shutdown
 .text.rpc_transport_ipc_tx_init
                0x00031348      0x1d4 C:/GitHub/NRF91/ncs/nrfxlib/bsdlib/lib/cortex-m33/hard-float/libbsd_nrf9160_xxaa.a(rpc_transport_ipc_tx.c.o)
                0x00031348                rpc_transport_ipc_tx_init
 .text.rpc_transport_ipc_tx_send
                0x0003151c      0x100 C:/GitHub/NRF91/ncs/nrfxlib/bsdlib/lib/cortex-m33/hard-float/libbsd_nrf9160_xxaa.a(rpc_transport_ipc_tx.c.o)
                0x0003151c                rpc_transport_ipc_tx_send
 .text.rpc_transport_ipc_tx_rpc_data_alloc
                0x0003161c       0x70 C:/GitHub/NRF91/ncs/nrfxlib/bsdlib/lib/cortex-m33/hard-float/libbsd_nrf9160_xxaa.a(rpc_transport_ipc_tx.c.o)
                0x0003161c                rpc_transport_ipc_tx_rpc_data_alloc
 .text.rpc_transport_ipc_tx_rpc_ctrl_alloc
                0x0003168c       0x60 C:/GitHub/NRF91/ncs/nrfxlib/bsdlib/lib/cortex-m33/hard-float/libbsd_nrf9160_xxaa.a(rpc_transport_ipc_tx.c.o)
                0x0003168c                rpc_transport_ipc_tx_rpc_ctrl_alloc
 .text.rpc_transport_ipc_tx_data_alloc
                0x000316ec       0x14 C:/GitHub/NRF91/ncs/nrfxlib/bsdlib/lib/cortex-m33/hard-float/libbsd_nrf9160_xxaa.a(rpc_transport_ipc_tx.c.o)
                0x000316ec                rpc_transport_ipc_tx_data_alloc
 .text.rpc_transport_ipc_tx_suspend
                0x00031700        0xc C:/GitHub/NRF91/ncs/nrfxlib/bsdlib/lib/cortex-m33/hard-float/libbsd_nrf9160_xxaa.a(rpc_transport_ipc_tx.c.o)
                0x00031700                rpc_transport_ipc_tx_suspend
 .text.rpc_transport_ipc_tx_shutdown
                0x0003170c       0x68 C:/GitHub/NRF91/ncs/nrfxlib/bsdlib/lib/cortex-m33/hard-float/libbsd_nrf9160_xxaa.a(rpc_transport_ipc_tx.c.o)